Archive member included to satisfy reference by file (symbol)

c:/program files (x86)/atmel/studio/7.0/toolchain/avr8/avr8-gnu-toolchain/bin/../lib/gcc/avr/5.4.0/avr6\libgcc.a(_exit.o)
                              C:/Program Files (x86)/Atmel/Studio/7.0/Packs/atmel/ATmega_DFP/1.2.132/gcc/dev/atmega2560/avr6/crtatmega2560.o (exit)
c:/program files (x86)/atmel/studio/7.0/toolchain/avr8/avr8-gnu-toolchain/bin/../lib/gcc/avr/5.4.0/avr6\libgcc.a(_copy_data.o)
                              examples/src/nvmctrl_basic_example.o (__do_copy_data)
c:/program files (x86)/atmel/studio/7.0/toolchain/avr8/avr8-gnu-toolchain/bin/../lib/gcc/avr/5.4.0/avr6\libgcc.a(_clear_bss.o)
                              examples/src/nvmctrl_basic_example.o (__do_clear_bss)
c:/program files (x86)/atmel/studio/7.0/toolchain/avr8/avr8-gnu-toolchain/bin/../lib/gcc/avr/5.4.0/avr6\libgcc.a(_adddi3.o)
                              timeutils.o (__adddi3)
c:/program files (x86)/atmel/studio/7.0/toolchain/avr8/avr8-gnu-toolchain/bin/../lib/gcc/avr/5.4.0/avr6\libgcc.a(_adddi3_s8.o)
                              driver_isr.o (__adddi3_s8)
c:/program files (x86)/atmel/studio/7.0/toolchain/avr8/avr8-gnu-toolchain/bin/../lib/gcc/avr/5.4.0/avr6\libgcc.a(_cmpdi2.o)
                              timeutils.o (__cmpdi2)
c:/program files (x86)/atmel/studio/7.0/toolchain/avr8/avr8-gnu-toolchain/bin/../lib/gcc/avr/5.4.0/../../../../avr/lib/avr6\libc.a(memcmp.o)
                              examples/src/nvmctrl_basic_example.o (memcmp)
c:/program files (x86)/atmel/studio/7.0/toolchain/avr8/avr8-gnu-toolchain/bin/../lib/gcc/avr/5.4.0/../../../../avr/lib/avr6\libc.a(strncmp.o)
                              examples/src/spi_basic_example.o (strncmp)
c:/program files (x86)/atmel/studio/7.0/toolchain/avr8/avr8-gnu-toolchain/bin/../lib/gcc/avr/5.4.0/../../../../avr/lib/avr6\libc.a(iob.o)
                              src/usart_basic.o (__iob)
c:/program files (x86)/atmel/studio/7.0/toolchain/avr8/avr8-gnu-toolchain/bin/../lib/gcc/avr/5.4.0/../../../../avr/lib/avr6\libc.a(printf.o)
                              examples/src/usart_basic_example.o (printf)
c:/program files (x86)/atmel/studio/7.0/toolchain/avr8/avr8-gnu-toolchain/bin/../lib/gcc/avr/5.4.0/../../../../avr/lib/avr6\libc.a(putchar.o)
                              neo7m.o (putchar)
c:/program files (x86)/atmel/studio/7.0/toolchain/avr8/avr8-gnu-toolchain/bin/../lib/gcc/avr/5.4.0/../../../../avr/lib/avr6\libc.a(puts.o)
                              neo7m.o (puts)
c:/program files (x86)/atmel/studio/7.0/toolchain/avr8/avr8-gnu-toolchain/bin/../lib/gcc/avr/5.4.0/../../../../avr/lib/avr6\libc.a(sprintf.o)
                              neo7m.o (sprintf)
c:/program files (x86)/atmel/studio/7.0/toolchain/avr8/avr8-gnu-toolchain/bin/../lib/gcc/avr/5.4.0/../../../../avr/lib/avr6\libc.a(vfprintf_std.o)
                              c:/program files (x86)/atmel/studio/7.0/toolchain/avr8/avr8-gnu-toolchain/bin/../lib/gcc/avr/5.4.0/../../../../avr/lib/avr6\libc.a(printf.o) (vfprintf)
c:/program files (x86)/atmel/studio/7.0/toolchain/avr8/avr8-gnu-toolchain/bin/../lib/gcc/avr/5.4.0/../../../../avr/lib/avr6\libc.a(strnlen_P.o)
                              c:/program files (x86)/atmel/studio/7.0/toolchain/avr8/avr8-gnu-toolchain/bin/../lib/gcc/avr/5.4.0/../../../../avr/lib/avr6\libc.a(vfprintf_std.o) (strnlen_P)
c:/program files (x86)/atmel/studio/7.0/toolchain/avr8/avr8-gnu-toolchain/bin/../lib/gcc/avr/5.4.0/../../../../avr/lib/avr6\libc.a(strnlen.o)
                              c:/program files (x86)/atmel/studio/7.0/toolchain/avr8/avr8-gnu-toolchain/bin/../lib/gcc/avr/5.4.0/../../../../avr/lib/avr6\libc.a(vfprintf_std.o) (strnlen)
c:/program files (x86)/atmel/studio/7.0/toolchain/avr8/avr8-gnu-toolchain/bin/../lib/gcc/avr/5.4.0/../../../../avr/lib/avr6\libc.a(fputc.o)
                              c:/program files (x86)/atmel/studio/7.0/toolchain/avr8/avr8-gnu-toolchain/bin/../lib/gcc/avr/5.4.0/../../../../avr/lib/avr6\libc.a(putchar.o) (fputc)
c:/program files (x86)/atmel/studio/7.0/toolchain/avr8/avr8-gnu-toolchain/bin/../lib/gcc/avr/5.4.0/../../../../avr/lib/avr6\libc.a(ultoa_invert.o)
                              c:/program files (x86)/atmel/studio/7.0/toolchain/avr8/avr8-gnu-toolchain/bin/../lib/gcc/avr/5.4.0/../../../../avr/lib/avr6\libc.a(vfprintf_std.o) (__ultoa_invert)

Allocating common symbols
Common symbol       size              file

__iob               0x6               c:/program files (x86)/atmel/studio/7.0/toolchain/avr8/avr8-gnu-toolchain/bin/../lib/gcc/avr/5.4.0/../../../../avr/lib/avr6\libc.a(iob.o)

Discarded input sections

 .data          0x00000000        0x0 C:/Program Files (x86)/Atmel/Studio/7.0/Packs/atmel/ATmega_DFP/1.2.132/gcc/dev/atmega2560/avr6/crtatmega2560.o
 .bss           0x00000000        0x0 C:/Program Files (x86)/Atmel/Studio/7.0/Packs/atmel/ATmega_DFP/1.2.132/gcc/dev/atmega2560/avr6/crtatmega2560.o
 .text          0x00000000        0x0 atmel_start.o
 .data          0x00000000        0x0 atmel_start.o
 .bss           0x00000000        0x0 atmel_start.o
 .text          0x00000000        0x0 examples/src/nvmctrl_basic_example.o
 .data          0x00000000        0x0 examples/src/nvmctrl_basic_example.o
 .bss           0x00000000        0x0 examples/src/nvmctrl_basic_example.o
 .text.FLASH_0_test_nvmctrl_basic
                0x00000000      0x13e examples/src/nvmctrl_basic_example.o
 .bss.rb        0x00000000        0x1 examples/src/nvmctrl_basic_example.o
 .bss.status    0x00000000        0x1 examples/src/nvmctrl_basic_example.o
 .bss.rdata     0x00000000        0x4 examples/src/nvmctrl_basic_example.o
 .data.wdata    0x00000000        0x4 examples/src/nvmctrl_basic_example.o
 .bss.rambuf    0x00000000      0x100 examples/src/nvmctrl_basic_example.o
 .debug_info    0x00000000      0x3d2 examples/src/nvmctrl_basic_example.o
 .debug_abbrev  0x00000000       0xe9 examples/src/nvmctrl_basic_example.o
 .debug_loc     0x00000000       0x61 examples/src/nvmctrl_basic_example.o
 .debug_aranges
                0x00000000       0x20 examples/src/nvmctrl_basic_example.o
 .debug_ranges  0x00000000       0x10 examples/src/nvmctrl_basic_example.o
 .debug_line    0x00000000      0x186 examples/src/nvmctrl_basic_example.o
 .debug_str     0x00000000      0x29a examples/src/nvmctrl_basic_example.o
 .comment       0x00000000       0x31 examples/src/nvmctrl_basic_example.o
 .debug_frame   0x00000000       0x30 examples/src/nvmctrl_basic_example.o
 .text          0x00000000        0x0 examples/src/spi_basic_example.o
 .data          0x00000000        0x0 examples/src/spi_basic_example.o
 .bss           0x00000000        0x0 examples/src/spi_basic_example.o
 .text.drive_slave_select_high
                0x00000000        0x2 examples/src/spi_basic_example.o
 .rodata.str1.1
                0x00000000        0x5 examples/src/spi_basic_example.o
 .text.SPI_0_test_spi_basic
                0x00000000       0x38 examples/src/spi_basic_example.o
 .data.buffer   0x00000000       0x10 examples/src/spi_basic_example.o
 .debug_info    0x00000000      0x17b examples/src/spi_basic_example.o
 .debug_abbrev  0x00000000       0xdf examples/src/spi_basic_example.o
 .debug_aranges
                0x00000000       0x28 examples/src/spi_basic_example.o
 .debug_ranges  0x00000000       0x18 examples/src/spi_basic_example.o
 .debug_line    0x00000000      0x112 examples/src/spi_basic_example.o
 .debug_str     0x00000000      0x20d examples/src/spi_basic_example.o
 .comment       0x00000000       0x31 examples/src/spi_basic_example.o
 .debug_frame   0x00000000       0x34 examples/src/spi_basic_example.o
 .text          0x00000000        0x0 examples/src/usart_basic_example.o
 .data          0x00000000        0x0 examples/src/usart_basic_example.o
 .bss           0x00000000        0x0 examples/src/usart_basic_example.o
 .rodata.str1.1
                0x00000000        0x9 examples/src/usart_basic_example.o
 .text.USART_0_test_usart_basic
                0x00000000       0x6e examples/src/usart_basic_example.o
 .text.USART_1_test_usart_basic
                0x00000000       0x6e examples/src/usart_basic_example.o
 .text.USART_2_test_usart_basic
                0x00000000       0x6e examples/src/usart_basic_example.o
 .text.USART_3_test_usart_basic
                0x00000000       0x6e examples/src/usart_basic_example.o
 .bss.rx        0x00000000       0x10 examples/src/usart_basic_example.o
 .debug_info    0x00000000      0x2d9 examples/src/usart_basic_example.o
 .debug_abbrev  0x00000000       0xcd examples/src/usart_basic_example.o
 .debug_loc     0x00000000      0x2f8 examples/src/usart_basic_example.o
 .debug_aranges
                0x00000000       0x38 examples/src/usart_basic_example.o
 .debug_ranges  0x00000000       0x28 examples/src/usart_basic_example.o
 .debug_line    0x00000000      0x22b examples/src/usart_basic_example.o
 .debug_str     0x00000000      0x23b examples/src/usart_basic_example.o
 .comment       0x00000000       0x31 examples/src/usart_basic_example.o
 .debug_frame   0x00000000       0xf4 examples/src/usart_basic_example.o
 .text          0x00000000        0x0 neo7m.o
 .data          0x00000000        0x0 neo7m.o
 .bss           0x00000000        0x0 neo7m.o
 .text.Serial3  0x00000000       0x1e neo7m.o
 .text.restoreDefaults
                0x00000000       0x42 neo7m.o
 .text.changeBaudrate
                0x00000000       0x42 neo7m.o
 .rodata.possibleBaudrates
                0x00000000        0x8 neo7m.o
 .text          0x00000000        0x0 src/driver_init.o
 .data          0x00000000        0x0 src/driver_init.o
 .bss           0x00000000        0x0 src/driver_init.o
 .text.TIMER_0_initialization
                0x00000000        0x6 src/driver_init.o
 .text.TIMER_1_initialization
                0x00000000        0x6 src/driver_init.o
 .text          0x00000000        0x0 src/nvmctrl_basic.o
 .data          0x00000000        0x0 src/nvmctrl_basic.o
 .bss           0x00000000        0x0 src/nvmctrl_basic.o
 .text.FLASH_0_register_callback
                0x00000000        0xa src/nvmctrl_basic.o
 .text.FLASH_0_read_eeprom_byte
                0x00000000       0x16 src/nvmctrl_basic.o
 .text.FLASH_0_read_eeprom_block
                0x00000000       0x4a src/nvmctrl_basic.o
 .text.FLASH_0_write_eeprom_block
                0x00000000       0x24 src/nvmctrl_basic.o
 .text.FLASH_0_write_eeprom_byte
                0x00000000       0x22 src/nvmctrl_basic.o
 .text.FLASH_0_is_eeprom_ready
                0x00000000        0xe src/nvmctrl_basic.o
 .text.FLASH_0_read_flash_byte
                0x00000000        0x6 src/nvmctrl_basic.o
 .text.FLASH_0_write_flash_byte
                0x00000000       0x1e src/nvmctrl_basic.o
 .text.FLASH_0_erase_flash_page
                0x00000000       0x24 src/nvmctrl_basic.o
 .text.FLASH_0_write_flash_page
                0x00000000       0x38 src/nvmctrl_basic.o
 .text.FLASH_0_write_flash_block
                0x00000000       0xce src/nvmctrl_basic.o
 .text.FLASH_0_write_flash_stream
                0x00000000       0x90 src/nvmctrl_basic.o
 .bss.word_to_write.2127
                0x00000000        0x2 src/nvmctrl_basic.o
 .text          0x00000000        0x0 src/protected_io.o
 .data          0x00000000        0x0 src/protected_io.o
 .bss           0x00000000        0x0 src/protected_io.o
 .text          0x00000000        0x0 src/spi_basic.o
 .data          0x00000000        0x0 src/spi_basic.o
 .bss           0x00000000        0x0 src/spi_basic.o
 .text.SPI_0_enable
                0x00000000        0x8 src/spi_basic.o
 .text.SPI_0_disable
                0x00000000        0x8 src/spi_basic.o
 .text.SPI_0_register_callback
                0x00000000        0xa src/spi_basic.o
 .text.SPI_0_status_free
                0x00000000        0xc src/spi_basic.o
 .text.SPI_0_status_idle
                0x00000000        0xe src/spi_basic.o
 .text.SPI_0_status_busy
                0x00000000        0xe src/spi_basic.o
 .text.SPI_0_status_done
                0x00000000        0xe src/spi_basic.o
 .text.SPI_0_exchange_byte
                0x00000000       0x14 src/spi_basic.o
 .text.SPI_0_exchange_block
                0x00000000       0x18 src/spi_basic.o
 .text.SPI_0_write_block
                0x00000000       0x18 src/spi_basic.o
 .text.SPI_0_read_block
                0x00000000       0x16 src/spi_basic.o
 .text          0x00000000        0x0 src/tc16.o
 .data          0x00000000        0x0 src/tc16.o
 .bss           0x00000000        0x0 src/tc16.o
 .text          0x00000000        0x0 src/usart_basic.o
 .data          0x00000000        0x0 src/usart_basic.o
 .bss           0x00000000        0x0 src/usart_basic.o
 .text.USART_0_is_tx_ready
                0x00000000        0xe src/usart_basic.o
 .text.USART_0_is_rx_ready
                0x00000000        0xe src/usart_basic.o
 .text.USART_0_is_tx_busy
                0x00000000       0x10 src/usart_basic.o
 .text.USART_0_read
                0x00000000       0x30 src/usart_basic.o
 .text.USART_0_write
                0x00000000       0x3e src/usart_basic.o
 .text.USART_0_enable
                0x00000000        0xc src/usart_basic.o
 .text.USART_0_enable_rx
                0x00000000        0xc src/usart_basic.o
 .text.USART_0_enable_tx
                0x00000000        0xc src/usart_basic.o
 .text.USART_0_disable
                0x00000000        0xc src/usart_basic.o
 .text.USART_1_is_tx_ready
                0x00000000        0xe src/usart_basic.o
 .text.USART_1_is_tx_busy
                0x00000000       0x10 src/usart_basic.o
 .text.USART_1_enable
                0x00000000        0xc src/usart_basic.o
 .text.USART_1_enable_rx
                0x00000000        0xc src/usart_basic.o
 .text.USART_1_enable_tx
                0x00000000        0xc src/usart_basic.o
 .text.USART_1_disable
                0x00000000        0xc src/usart_basic.o
 .text.USART_2_is_tx_ready
                0x00000000        0xe src/usart_basic.o
 .text.USART_2_is_rx_ready
                0x00000000        0xe src/usart_basic.o
 .text.USART_2_is_tx_busy
                0x00000000       0x10 src/usart_basic.o
 .text.USART_2_read
                0x00000000       0x32 src/usart_basic.o
 .text.USART_2_write
                0x00000000       0x3e src/usart_basic.o
 .text.USART_2_enable
                0x00000000        0xc src/usart_basic.o
 .text.USART_2_enable_rx
                0x00000000        0xc src/usart_basic.o
 .text.USART_2_enable_tx
                0x00000000        0xc src/usart_basic.o
 .text.USART_2_disable
                0x00000000        0xc src/usart_basic.o
 .text.USART_3_is_tx_ready
                0x00000000        0xe src/usart_basic.o
 .text.USART_3_is_tx_busy
                0x00000000       0x10 src/usart_basic.o
 .text.USART_3_enable
                0x00000000        0xc src/usart_basic.o
 .text.USART_3_enable_rx
                0x00000000        0xc src/usart_basic.o
 .text.USART_3_enable_tx
                0x00000000        0xc src/usart_basic.o
 .text.USART_3_disable
                0x00000000        0xc src/usart_basic.o
 .text          0x00000000        0x0 timeutils.o
 .data          0x00000000        0x0 timeutils.o
 .bss           0x00000000        0x0 timeutils.o
 .text.msectime
                0x00000000       0x2c timeutils.o
 .text.fastmsectime
                0x00000000       0x14 timeutils.o
 .text.delay_ms
                0x00000000      0x132 timeutils.o
 .text          0x00000000        0x0 driver_isr.o
 .data          0x00000000        0x0 driver_isr.o
 .bss           0x00000000        0x0 driver_isr.o
 .text          0x00000000        0x0 main.o
 .data          0x00000000        0x0 main.o
 .bss           0x00000000        0x0 main.o
 .text          0x00000000        0x0 c:/program files (x86)/atmel/studio/7.0/toolchain/avr8/avr8-gnu-toolchain/bin/../lib/gcc/avr/5.4.0/avr6\libgcc.a(_exit.o)
 .data          0x00000000        0x0 c:/program files (x86)/atmel/studio/7.0/toolchain/avr8/avr8-gnu-toolchain/bin/../lib/gcc/avr/5.4.0/avr6\libgcc.a(_exit.o)
 .bss           0x00000000        0x0 c:/program files (x86)/atmel/studio/7.0/toolchain/avr8/avr8-gnu-toolchain/bin/../lib/gcc/avr/5.4.0/avr6\libgcc.a(_exit.o)
 .text.libgcc.mul
                0x00000000        0x0 c:/program files (x86)/atmel/studio/7.0/toolchain/avr8/avr8-gnu-toolchain/bin/../lib/gcc/avr/5.4.0/avr6\libgcc.a(_exit.o)
 .text.libgcc.div
                0x00000000        0x0 c:/program files (x86)/atmel/studio/7.0/toolchain/avr8/avr8-gnu-toolchain/bin/../lib/gcc/avr/5.4.0/avr6\libgcc.a(_exit.o)
 .text.libgcc   0x00000000        0x0 c:/program files (x86)/atmel/studio/7.0/toolchain/avr8/avr8-gnu-toolchain/bin/../lib/gcc/avr/5.4.0/avr6\libgcc.a(_exit.o)
 .text.libgcc.prologue
                0x00000000        0x0 c:/program files (x86)/atmel/studio/7.0/toolchain/avr8/avr8-gnu-toolchain/bin/../lib/gcc/avr/5.4.0/avr6\libgcc.a(_exit.o)
 .text.libgcc.builtins
                0x00000000        0x0 c:/program files (x86)/atmel/studio/7.0/toolchain/avr8/avr8-gnu-toolchain/bin/../lib/gcc/avr/5.4.0/avr6\libgcc.a(_exit.o)
 .text.libgcc.fmul
                0x00000000        0x0 c:/program files (x86)/atmel/studio/7.0/toolchain/avr8/avr8-gnu-toolchain/bin/../lib/gcc/avr/5.4.0/avr6\libgcc.a(_exit.o)
 .text.libgcc.fixed
                0x00000000        0x0 c:/program files (x86)/atmel/studio/7.0/toolchain/avr8/avr8-gnu-toolchain/bin/../lib/gcc/avr/5.4.0/avr6\libgcc.a(_exit.o)
 .text          0x00000000        0x0 c:/program files (x86)/atmel/studio/7.0/toolchain/avr8/avr8-gnu-toolchain/bin/../lib/gcc/avr/5.4.0/avr6\libgcc.a(_copy_data.o)
 .data          0x00000000        0x0 c:/program files (x86)/atmel/studio/7.0/toolchain/avr8/avr8-gnu-toolchain/bin/../lib/gcc/avr/5.4.0/avr6\libgcc.a(_copy_data.o)
 .bss           0x00000000        0x0 c:/program files (x86)/atmel/studio/7.0/toolchain/avr8/avr8-gnu-toolchain/bin/../lib/gcc/avr/5.4.0/avr6\libgcc.a(_copy_data.o)
 .text.libgcc.mul
                0x00000000        0x0 c:/program files (x86)/atmel/studio/7.0/toolchain/avr8/avr8-gnu-toolchain/bin/../lib/gcc/avr/5.4.0/avr6\libgcc.a(_copy_data.o)
 .text.libgcc.div
                0x00000000        0x0 c:/program files (x86)/atmel/studio/7.0/toolchain/avr8/avr8-gnu-toolchain/bin/../lib/gcc/avr/5.4.0/avr6\libgcc.a(_copy_data.o)
 .text.libgcc   0x00000000        0x0 c:/program files (x86)/atmel/studio/7.0/toolchain/avr8/avr8-gnu-toolchain/bin/../lib/gcc/avr/5.4.0/avr6\libgcc.a(_copy_data.o)
 .text.libgcc.prologue
                0x00000000        0x0 c:/program files (x86)/atmel/studio/7.0/toolchain/avr8/avr8-gnu-toolchain/bin/../lib/gcc/avr/5.4.0/avr6\libgcc.a(_copy_data.o)
 .text.libgcc.builtins
                0x00000000        0x0 c:/program files (x86)/atmel/studio/7.0/toolchain/avr8/avr8-gnu-toolchain/bin/../lib/gcc/avr/5.4.0/avr6\libgcc.a(_copy_data.o)
 .text.libgcc.fmul
                0x00000000        0x0 c:/program files (x86)/atmel/studio/7.0/toolchain/avr8/avr8-gnu-toolchain/bin/../lib/gcc/avr/5.4.0/avr6\libgcc.a(_copy_data.o)
 .text.libgcc.fixed
                0x00000000        0x0 c:/program files (x86)/atmel/studio/7.0/toolchain/avr8/avr8-gnu-toolchain/bin/../lib/gcc/avr/5.4.0/avr6\libgcc.a(_copy_data.o)
 .text          0x00000000        0x0 c:/program files (x86)/atmel/studio/7.0/toolchain/avr8/avr8-gnu-toolchain/bin/../lib/gcc/avr/5.4.0/avr6\libgcc.a(_clear_bss.o)
 .data          0x00000000        0x0 c:/program files (x86)/atmel/studio/7.0/toolchain/avr8/avr8-gnu-toolchain/bin/../lib/gcc/avr/5.4.0/avr6\libgcc.a(_clear_bss.o)
 .bss           0x00000000        0x0 c:/program files (x86)/atmel/studio/7.0/toolchain/avr8/avr8-gnu-toolchain/bin/../lib/gcc/avr/5.4.0/avr6\libgcc.a(_clear_bss.o)
 .text.libgcc.mul
                0x00000000        0x0 c:/program files (x86)/atmel/studio/7.0/toolchain/avr8/avr8-gnu-toolchain/bin/../lib/gcc/avr/5.4.0/avr6\libgcc.a(_clear_bss.o)
 .text.libgcc.div
                0x00000000        0x0 c:/program files (x86)/atmel/studio/7.0/toolchain/avr8/avr8-gnu-toolchain/bin/../lib/gcc/avr/5.4.0/avr6\libgcc.a(_clear_bss.o)
 .text.libgcc   0x00000000        0x0 c:/program files (x86)/atmel/studio/7.0/toolchain/avr8/avr8-gnu-toolchain/bin/../lib/gcc/avr/5.4.0/avr6\libgcc.a(_clear_bss.o)
 .text.libgcc.prologue
                0x00000000        0x0 c:/program files (x86)/atmel/studio/7.0/toolchain/avr8/avr8-gnu-toolchain/bin/../lib/gcc/avr/5.4.0/avr6\libgcc.a(_clear_bss.o)
 .text.libgcc.builtins
                0x00000000        0x0 c:/program files (x86)/atmel/studio/7.0/toolchain/avr8/avr8-gnu-toolchain/bin/../lib/gcc/avr/5.4.0/avr6\libgcc.a(_clear_bss.o)
 .text.libgcc.fmul
                0x00000000        0x0 c:/program files (x86)/atmel/studio/7.0/toolchain/avr8/avr8-gnu-toolchain/bin/../lib/gcc/avr/5.4.0/avr6\libgcc.a(_clear_bss.o)
 .text.libgcc.fixed
                0x00000000        0x0 c:/program files (x86)/atmel/studio/7.0/toolchain/avr8/avr8-gnu-toolchain/bin/../lib/gcc/avr/5.4.0/avr6\libgcc.a(_clear_bss.o)
 .text          0x00000000        0x0 c:/program files (x86)/atmel/studio/7.0/toolchain/avr8/avr8-gnu-toolchain/bin/../lib/gcc/avr/5.4.0/avr6\libgcc.a(_adddi3.o)
 .data          0x00000000        0x0 c:/program files (x86)/atmel/studio/7.0/toolchain/avr8/avr8-gnu-toolchain/bin/../lib/gcc/avr/5.4.0/avr6\libgcc.a(_adddi3.o)
 .bss           0x00000000        0x0 c:/program files (x86)/atmel/studio/7.0/toolchain/avr8/avr8-gnu-toolchain/bin/../lib/gcc/avr/5.4.0/avr6\libgcc.a(_adddi3.o)
 .text.libgcc.mul
                0x00000000        0x0 c:/program files (x86)/atmel/studio/7.0/toolchain/avr8/avr8-gnu-toolchain/bin/../lib/gcc/avr/5.4.0/avr6\libgcc.a(_adddi3.o)
 .text.libgcc.div
                0x00000000        0x0 c:/program files (x86)/atmel/studio/7.0/toolchain/avr8/avr8-gnu-toolchain/bin/../lib/gcc/avr/5.4.0/avr6\libgcc.a(_adddi3.o)
 .text.libgcc   0x00000000       0x12 c:/program files (x86)/atmel/studio/7.0/toolchain/avr8/avr8-gnu-toolchain/bin/../lib/gcc/avr/5.4.0/avr6\libgcc.a(_adddi3.o)
 .text.libgcc.prologue
                0x00000000        0x0 c:/program files (x86)/atmel/studio/7.0/toolchain/avr8/avr8-gnu-toolchain/bin/../lib/gcc/avr/5.4.0/avr6\libgcc.a(_adddi3.o)
 .text.libgcc.builtins
                0x00000000        0x0 c:/program files (x86)/atmel/studio/7.0/toolchain/avr8/avr8-gnu-toolchain/bin/../lib/gcc/avr/5.4.0/avr6\libgcc.a(_adddi3.o)
 .text.libgcc.fmul
                0x00000000        0x0 c:/program files (x86)/atmel/studio/7.0/toolchain/avr8/avr8-gnu-toolchain/bin/../lib/gcc/avr/5.4.0/avr6\libgcc.a(_adddi3.o)
 .text.libgcc.fixed
                0x00000000        0x0 c:/program files (x86)/atmel/studio/7.0/toolchain/avr8/avr8-gnu-toolchain/bin/../lib/gcc/avr/5.4.0/avr6\libgcc.a(_adddi3.o)
 .text          0x00000000        0x0 c:/program files (x86)/atmel/studio/7.0/toolchain/avr8/avr8-gnu-toolchain/bin/../lib/gcc/avr/5.4.0/avr6\libgcc.a(_adddi3_s8.o)
 .data          0x00000000        0x0 c:/program files (x86)/atmel/studio/7.0/toolchain/avr8/avr8-gnu-toolchain/bin/../lib/gcc/avr/5.4.0/avr6\libgcc.a(_adddi3_s8.o)
 .bss           0x00000000        0x0 c:/program files (x86)/atmel/studio/7.0/toolchain/avr8/avr8-gnu-toolchain/bin/../lib/gcc/avr/5.4.0/avr6\libgcc.a(_adddi3_s8.o)
 .text.libgcc.mul
                0x00000000        0x0 c:/program files (x86)/atmel/studio/7.0/toolchain/avr8/avr8-gnu-toolchain/bin/../lib/gcc/avr/5.4.0/avr6\libgcc.a(_adddi3_s8.o)
 .text.libgcc.div
                0x00000000        0x0 c:/program files (x86)/atmel/studio/7.0/toolchain/avr8/avr8-gnu-toolchain/bin/../lib/gcc/avr/5.4.0/avr6\libgcc.a(_adddi3_s8.o)
 .text.libgcc.prologue
                0x00000000        0x0 c:/program files (x86)/atmel/studio/7.0/toolchain/avr8/avr8-gnu-toolchain/bin/../lib/gcc/avr/5.4.0/avr6\libgcc.a(_adddi3_s8.o)
 .text.libgcc.builtins
                0x00000000        0x0 c:/program files (x86)/atmel/studio/7.0/toolchain/avr8/avr8-gnu-toolchain/bin/../lib/gcc/avr/5.4.0/avr6\libgcc.a(_adddi3_s8.o)
 .text.libgcc.fmul
                0x00000000        0x0 c:/program files (x86)/atmel/studio/7.0/toolchain/avr8/avr8-gnu-toolchain/bin/../lib/gcc/avr/5.4.0/avr6\libgcc.a(_adddi3_s8.o)
 .text.libgcc.fixed
                0x00000000        0x0 c:/program files (x86)/atmel/studio/7.0/toolchain/avr8/avr8-gnu-toolchain/bin/../lib/gcc/avr/5.4.0/avr6\libgcc.a(_adddi3_s8.o)
 .text          0x00000000        0x0 c:/program files (x86)/atmel/studio/7.0/toolchain/avr8/avr8-gnu-toolchain/bin/../lib/gcc/avr/5.4.0/avr6\libgcc.a(_cmpdi2.o)
 .data          0x00000000        0x0 c:/program files (x86)/atmel/studio/7.0/toolchain/avr8/avr8-gnu-toolchain/bin/../lib/gcc/avr/5.4.0/avr6\libgcc.a(_cmpdi2.o)
 .bss           0x00000000        0x0 c:/program files (x86)/atmel/studio/7.0/toolchain/avr8/avr8-gnu-toolchain/bin/../lib/gcc/avr/5.4.0/avr6\libgcc.a(_cmpdi2.o)
 .text.libgcc.mul
                0x00000000        0x0 c:/program files (x86)/atmel/studio/7.0/toolchain/avr8/avr8-gnu-toolchain/bin/../lib/gcc/avr/5.4.0/avr6\libgcc.a(_cmpdi2.o)
 .text.libgcc.div
                0x00000000        0x0 c:/program files (x86)/atmel/studio/7.0/toolchain/avr8/avr8-gnu-toolchain/bin/../lib/gcc/avr/5.4.0/avr6\libgcc.a(_cmpdi2.o)
 .text.libgcc   0x00000000       0x12 c:/program files (x86)/atmel/studio/7.0/toolchain/avr8/avr8-gnu-toolchain/bin/../lib/gcc/avr/5.4.0/avr6\libgcc.a(_cmpdi2.o)
 .text.libgcc.prologue
                0x00000000        0x0 c:/program files (x86)/atmel/studio/7.0/toolchain/avr8/avr8-gnu-toolchain/bin/../lib/gcc/avr/5.4.0/avr6\libgcc.a(_cmpdi2.o)
 .text.libgcc.builtins
                0x00000000        0x0 c:/program files (x86)/atmel/studio/7.0/toolchain/avr8/avr8-gnu-toolchain/bin/../lib/gcc/avr/5.4.0/avr6\libgcc.a(_cmpdi2.o)
 .text.libgcc.fmul
                0x00000000        0x0 c:/program files (x86)/atmel/studio/7.0/toolchain/avr8/avr8-gnu-toolchain/bin/../lib/gcc/avr/5.4.0/avr6\libgcc.a(_cmpdi2.o)
 .text.libgcc.fixed
                0x00000000        0x0 c:/program files (x86)/atmel/studio/7.0/toolchain/avr8/avr8-gnu-toolchain/bin/../lib/gcc/avr/5.4.0/avr6\libgcc.a(_cmpdi2.o)
 .text          0x00000000        0x0 c:/program files (x86)/atmel/studio/7.0/toolchain/avr8/avr8-gnu-toolchain/bin/../lib/gcc/avr/5.4.0/../../../../avr/lib/avr6\libc.a(memcmp.o)
 .data          0x00000000        0x0 c:/program files (x86)/atmel/studio/7.0/toolchain/avr8/avr8-gnu-toolchain/bin/../lib/gcc/avr/5.4.0/../../../../avr/lib/avr6\libc.a(memcmp.o)
 .bss           0x00000000        0x0 c:/program files (x86)/atmel/studio/7.0/toolchain/avr8/avr8-gnu-toolchain/bin/../lib/gcc/avr/5.4.0/../../../../avr/lib/avr6\libc.a(memcmp.o)
 .text.avr-libc
                0x00000000       0x1a c:/program files (x86)/atmel/studio/7.0/toolchain/avr8/avr8-gnu-toolchain/bin/../lib/gcc/avr/5.4.0/../../../../avr/lib/avr6\libc.a(memcmp.o)
 .text          0x00000000        0x0 c:/program files (x86)/atmel/studio/7.0/toolchain/avr8/avr8-gnu-toolchain/bin/../lib/gcc/avr/5.4.0/../../../../avr/lib/avr6\libc.a(strncmp.o)
 .data          0x00000000        0x0 c:/program files (x86)/atmel/studio/7.0/toolchain/avr8/avr8-gnu-toolchain/bin/../lib/gcc/avr/5.4.0/../../../../avr/lib/avr6\libc.a(strncmp.o)
 .bss           0x00000000        0x0 c:/program files (x86)/atmel/studio/7.0/toolchain/avr8/avr8-gnu-toolchain/bin/../lib/gcc/avr/5.4.0/../../../../avr/lib/avr6\libc.a(strncmp.o)
 .text.avr-libc
                0x00000000       0x1c c:/program files (x86)/atmel/studio/7.0/toolchain/avr8/avr8-gnu-toolchain/bin/../lib/gcc/avr/5.4.0/../../../../avr/lib/avr6\libc.a(strncmp.o)
 .text          0x00000000        0x0 c:/program files (x86)/atmel/studio/7.0/toolchain/avr8/avr8-gnu-toolchain/bin/../lib/gcc/avr/5.4.0/../../../../avr/lib/avr6\libc.a(iob.o)
 .data          0x00000000        0x0 c:/program files (x86)/atmel/studio/7.0/toolchain/avr8/avr8-gnu-toolchain/bin/../lib/gcc/avr/5.4.0/../../../../avr/lib/avr6\libc.a(iob.o)
 .bss           0x00000000        0x0 c:/program files (x86)/atmel/studio/7.0/toolchain/avr8/avr8-gnu-toolchain/bin/../lib/gcc/avr/5.4.0/../../../../avr/lib/avr6\libc.a(iob.o)
 .text          0x00000000        0x0 c:/program files (x86)/atmel/studio/7.0/toolchain/avr8/avr8-gnu-toolchain/bin/../lib/gcc/avr/5.4.0/../../../../avr/lib/avr6\libc.a(printf.o)
 .data          0x00000000        0x0 c:/program files (x86)/atmel/studio/7.0/toolchain/avr8/avr8-gnu-toolchain/bin/../lib/gcc/avr/5.4.0/../../../../avr/lib/avr6\libc.a(printf.o)
 .bss           0x00000000        0x0 c:/program files (x86)/atmel/studio/7.0/toolchain/avr8/avr8-gnu-toolchain/bin/../lib/gcc/avr/5.4.0/../../../../avr/lib/avr6\libc.a(printf.o)
 .text          0x00000000        0x0 c:/program files (x86)/atmel/studio/7.0/toolchain/avr8/avr8-gnu-toolchain/bin/../lib/gcc/avr/5.4.0/../../../../avr/lib/avr6\libc.a(putchar.o)
 .data          0x00000000        0x0 c:/program files (x86)/atmel/studio/7.0/toolchain/avr8/avr8-gnu-toolchain/bin/../lib/gcc/avr/5.4.0/../../../../avr/lib/avr6\libc.a(putchar.o)
 .bss           0x00000000        0x0 c:/program files (x86)/atmel/studio/7.0/toolchain/avr8/avr8-gnu-toolchain/bin/../lib/gcc/avr/5.4.0/../../../../avr/lib/avr6\libc.a(putchar.o)
 .text          0x00000000        0x0 c:/program files (x86)/atmel/studio/7.0/toolchain/avr8/avr8-gnu-toolchain/bin/../lib/gcc/avr/5.4.0/../../../../avr/lib/avr6\libc.a(puts.o)
 .data          0x00000000        0x0 c:/program files (x86)/atmel/studio/7.0/toolchain/avr8/avr8-gnu-toolchain/bin/../lib/gcc/avr/5.4.0/../../../../avr/lib/avr6\libc.a(puts.o)
 .bss           0x00000000        0x0 c:/program files (x86)/atmel/studio/7.0/toolchain/avr8/avr8-gnu-toolchain/bin/../lib/gcc/avr/5.4.0/../../../../avr/lib/avr6\libc.a(puts.o)
 .text          0x00000000        0x0 c:/program files (x86)/atmel/studio/7.0/toolchain/avr8/avr8-gnu-toolchain/bin/../lib/gcc/avr/5.4.0/../../../../avr/lib/avr6\libc.a(sprintf.o)
 .data          0x00000000        0x0 c:/program files (x86)/atmel/studio/7.0/toolchain/avr8/avr8-gnu-toolchain/bin/../lib/gcc/avr/5.4.0/../../../../avr/lib/avr6\libc.a(sprintf.o)
 .bss           0x00000000        0x0 c:/program files (x86)/atmel/studio/7.0/toolchain/avr8/avr8-gnu-toolchain/bin/../lib/gcc/avr/5.4.0/../../../../avr/lib/avr6\libc.a(sprintf.o)
 .text          0x00000000        0x0 c:/program files (x86)/atmel/studio/7.0/toolchain/avr8/avr8-gnu-toolchain/bin/../lib/gcc/avr/5.4.0/../../../../avr/lib/avr6\libc.a(vfprintf_std.o)
 .data          0x00000000        0x0 c:/program files (x86)/atmel/studio/7.0/toolchain/avr8/avr8-gnu-toolchain/bin/../lib/gcc/avr/5.4.0/../../../../avr/lib/avr6\libc.a(vfprintf_std.o)
 .bss           0x00000000        0x0 c:/program files (x86)/atmel/studio/7.0/toolchain/avr8/avr8-gnu-toolchain/bin/../lib/gcc/avr/5.4.0/../../../../avr/lib/avr6\libc.a(vfprintf_std.o)
 .text          0x00000000        0x0 c:/program files (x86)/atmel/studio/7.0/toolchain/avr8/avr8-gnu-toolchain/bin/../lib/gcc/avr/5.4.0/../../../../avr/lib/avr6\libc.a(strnlen_P.o)
 .data          0x00000000        0x0 c:/program files (x86)/atmel/studio/7.0/toolchain/avr8/avr8-gnu-toolchain/bin/../lib/gcc/avr/5.4.0/../../../../avr/lib/avr6\libc.a(strnlen_P.o)
 .bss           0x00000000        0x0 c:/program files (x86)/atmel/studio/7.0/toolchain/avr8/avr8-gnu-toolchain/bin/../lib/gcc/avr/5.4.0/../../../../avr/lib/avr6\libc.a(strnlen_P.o)
 .text          0x00000000        0x0 c:/program files (x86)/atmel/studio/7.0/toolchain/avr8/avr8-gnu-toolchain/bin/../lib/gcc/avr/5.4.0/../../../../avr/lib/avr6\libc.a(strnlen.o)
 .data          0x00000000        0x0 c:/program files (x86)/atmel/studio/7.0/toolchain/avr8/avr8-gnu-toolchain/bin/../lib/gcc/avr/5.4.0/../../../../avr/lib/avr6\libc.a(strnlen.o)
 .bss           0x00000000        0x0 c:/program files (x86)/atmel/studio/7.0/toolchain/avr8/avr8-gnu-toolchain/bin/../lib/gcc/avr/5.4.0/../../../../avr/lib/avr6\libc.a(strnlen.o)
 .text          0x00000000        0x0 c:/program files (x86)/atmel/studio/7.0/toolchain/avr8/avr8-gnu-toolchain/bin/../lib/gcc/avr/5.4.0/../../../../avr/lib/avr6\libc.a(fputc.o)
 .data          0x00000000        0x0 c:/program files (x86)/atmel/studio/7.0/toolchain/avr8/avr8-gnu-toolchain/bin/../lib/gcc/avr/5.4.0/../../../../avr/lib/avr6\libc.a(fputc.o)
 .bss           0x00000000        0x0 c:/program files (x86)/atmel/studio/7.0/toolchain/avr8/avr8-gnu-toolchain/bin/../lib/gcc/avr/5.4.0/../../../../avr/lib/avr6\libc.a(fputc.o)
 .text          0x00000000        0x0 c:/program files (x86)/atmel/studio/7.0/toolchain/avr8/avr8-gnu-toolchain/bin/../lib/gcc/avr/5.4.0/../../../../avr/lib/avr6\libc.a(ultoa_invert.o)
 .data          0x00000000        0x0 c:/program files (x86)/atmel/studio/7.0/toolchain/avr8/avr8-gnu-toolchain/bin/../lib/gcc/avr/5.4.0/../../../../avr/lib/avr6\libc.a(ultoa_invert.o)
 .bss           0x00000000        0x0 c:/program files (x86)/atmel/studio/7.0/toolchain/avr8/avr8-gnu-toolchain/bin/../lib/gcc/avr/5.4.0/../../../../avr/lib/avr6\libc.a(ultoa_invert.o)

Memory Configuration

Name             Origin             Length             Attributes
text             0x00000000         0x00100000         xr
data             0x00800200         0x0000fe00         rw !x
eeprom           0x00810000         0x00010000         rw !x
fuse             0x00820000         0x00000003         rw !x
lock             0x00830000         0x00000400         rw !x
signature        0x00840000         0x00000400         rw !x
user_signatures  0x00850000         0x00000400         rw !x
*default*        0x00000000         0xffffffff

Linker script and memory map

Address of section .data set to 0x800200
LOAD C:/Program Files (x86)/Atmel/Studio/7.0/Packs/atmel/ATmega_DFP/1.2.132/gcc/dev/atmega2560/avr6/crtatmega2560.o
LOAD atmel_start.o
LOAD examples/src/nvmctrl_basic_example.o
LOAD examples/src/spi_basic_example.o
LOAD examples/src/usart_basic_example.o
LOAD neo7m.o
LOAD src/driver_init.o
LOAD src/nvmctrl_basic.o
LOAD src/protected_io.o
LOAD src/spi_basic.o
LOAD src/tc16.o
LOAD src/usart_basic.o
LOAD timeutils.o
LOAD driver_isr.o
LOAD main.o
START GROUP
LOAD c:/program files (x86)/atmel/studio/7.0/toolchain/avr8/avr8-gnu-toolchain/bin/../lib/gcc/avr/5.4.0/../../../../avr/lib/avr6\libm.a
END GROUP
START GROUP
LOAD c:/program files (x86)/atmel/studio/7.0/toolchain/avr8/avr8-gnu-toolchain/bin/../lib/gcc/avr/5.4.0/avr6\libgcc.a
LOAD c:/program files (x86)/atmel/studio/7.0/toolchain/avr8/avr8-gnu-toolchain/bin/../lib/gcc/avr/5.4.0/../../../../avr/lib/avr6\libm.a
LOAD c:/program files (x86)/atmel/studio/7.0/toolchain/avr8/avr8-gnu-toolchain/bin/../lib/gcc/avr/5.4.0/../../../../avr/lib/avr6\libc.a
LOAD C:/Program Files (x86)/Atmel/Studio/7.0/Packs/atmel/ATmega_DFP/1.2.132/gcc/dev/atmega2560/avr6\libatmega2560.a
END GROUP
                0x00100000                __TEXT_REGION_LENGTH__ = DEFINED (__TEXT_REGION_LENGTH__)?__TEXT_REGION_LENGTH__:0x100000
                0x0000fe00                __DATA_REGION_LENGTH__ = DEFINED (__DATA_REGION_LENGTH__)?__DATA_REGION_LENGTH__:0xfe00
                0x00010000                __EEPROM_REGION_LENGTH__ = DEFINED (__EEPROM_REGION_LENGTH__)?__EEPROM_REGION_LENGTH__:0x10000
                [0x00000003]                __FUSE_REGION_LENGTH__ = DEFINED (__FUSE_REGION_LENGTH__)?__FUSE_REGION_LENGTH__:0x400
                0x00000400                __LOCK_REGION_LENGTH__ = DEFINED (__LOCK_REGION_LENGTH__)?__LOCK_REGION_LENGTH__:0x400
                0x00000400                __SIGNATURE_REGION_LENGTH__ = DEFINED (__SIGNATURE_REGION_LENGTH__)?__SIGNATURE_REGION_LENGTH__:0x400
                0x00000400                __USER_SIGNATURE_REGION_LENGTH__ = DEFINED (__USER_SIGNATURE_REGION_LENGTH__)?__USER_SIGNATURE_REGION_LENGTH__:0x400

.hash
 *(.hash)

.dynsym
 *(.dynsym)

.dynstr
 *(.dynstr)

.gnu.version
 *(.gnu.version)

.gnu.version_d
 *(.gnu.version_d)

.gnu.version_r
 *(.gnu.version_r)

.rel.init
 *(.rel.init)

.rela.init
 *(.rela.init)

.rel.text
 *(.rel.text)
 *(.rel.text.*)
 *(.rel.gnu.linkonce.t*)

.rela.text
 *(.rela.text)
 *(.rela.text.*)
 *(.rela.gnu.linkonce.t*)

.rel.fini
 *(.rel.fini)

.rela.fini
 *(.rela.fini)

.rel.rodata
 *(.rel.rodata)
 *(.rel.rodata.*)
 *(.rel.gnu.linkonce.r*)

.rela.rodata
 *(.rela.rodata)
 *(.rela.rodata.*)
 *(.rela.gnu.linkonce.r*)

.rel.data
 *(.rel.data)
 *(.rel.data.*)
 *(.rel.gnu.linkonce.d*)

.rela.data
 *(.rela.data)
 *(.rela.data.*)
 *(.rela.gnu.linkonce.d*)

.rel.ctors
 *(.rel.ctors)

.rela.ctors
 *(.rela.ctors)

.rel.dtors
 *(.rel.dtors)

.rela.dtors
 *(.rela.dtors)

.rel.got
 *(.rel.got)

.rela.got
 *(.rela.got)

.rel.bss
 *(.rel.bss)

.rela.bss
 *(.rela.bss)

.rel.plt
 *(.rel.plt)

.rela.plt
 *(.rela.plt)

.text           0x00000000     0x13d6
 *(.vectors)
 .vectors       0x00000000       0xe4 C:/Program Files (x86)/Atmel/Studio/7.0/Packs/atmel/ATmega_DFP/1.2.132/gcc/dev/atmega2560/avr6/crtatmega2560.o
                0x00000000                __vector_default
                0x00000000                __vectors
 *(.vectors)
 *(.progmem.gcc*)
                0x000000e4                . = ALIGN (0x2)
                0x000000e4                __trampolines_start = .
 *(.trampolines)
 .trampolines   0x000000e4        0x0 linker stubs
 *(.trampolines*)
                0x000000e4                __trampolines_end = .
 *libprintf_flt.a:*(.progmem.data)
 *libc.a:*(.progmem.data)
 *(.progmem*)
                0x000000e4                . = ALIGN (0x2)
 *(.jumptables)
 *(.jumptables*)
 *(.lowtext)
 *(.lowtext*)
                0x000000e4                __ctors_start = .
 *(.ctors)
                0x000000e4                __ctors_end = .
                0x000000e4                __dtors_start = .
 *(.dtors)
                0x000000e4                __dtors_end = .
 SORT(*)(.ctors)
 SORT(*)(.dtors)
 *(.init0)
 .init0         0x000000e4        0x0 C:/Program Files (x86)/Atmel/Studio/7.0/Packs/atmel/ATmega_DFP/1.2.132/gcc/dev/atmega2560/avr6/crtatmega2560.o
                0x000000e4                __init
 *(.init0)
 *(.init1)
 *(.init1)
 *(.init2)
 .init2         0x000000e4       0x10 C:/Program Files (x86)/Atmel/Studio/7.0/Packs/atmel/ATmega_DFP/1.2.132/gcc/dev/atmega2560/avr6/crtatmega2560.o
 *(.init2)
 *(.init3)
 *(.init3)
 *(.init4)
 .init4         0x000000f4       0x1a c:/program files (x86)/atmel/studio/7.0/toolchain/avr8/avr8-gnu-toolchain/bin/../lib/gcc/avr/5.4.0/avr6\libgcc.a(_copy_data.o)
                0x000000f4                __do_copy_data
 .init4         0x0000010e       0x10 c:/program files (x86)/atmel/studio/7.0/toolchain/avr8/avr8-gnu-toolchain/bin/../lib/gcc/avr/5.4.0/avr6\libgcc.a(_clear_bss.o)
                0x0000010e                __do_clear_bss
 *(.init4)
 *(.init5)
 *(.init5)
 *(.init6)
 *(.init6)
 *(.init7)
 *(.init7)
 *(.init8)
 *(.init8)
 *(.init9)
 .init9         0x0000011e        0x6 C:/Program Files (x86)/Atmel/Studio/7.0/Packs/atmel/ATmega_DFP/1.2.132/gcc/dev/atmega2560/avr6/crtatmega2560.o
 *(.init9)
 *(.text)
 .text          0x00000124        0x2 C:/Program Files (x86)/Atmel/Studio/7.0/Packs/atmel/ATmega_DFP/1.2.132/gcc/dev/atmega2560/avr6/crtatmega2560.o
                0x00000124                __vector_38
                0x00000124                __vector_22
                0x00000124                __vector_28
                0x00000124                __vector_1
                0x00000124                __vector_32
                0x00000124                __vector_34
                0x00000124                __vector_12
                0x00000124                __vector_46
                0x00000124                __bad_interrupt
                0x00000124                __vector_6
                0x00000124                __vector_31
                0x00000124                __vector_35
                0x00000124                __vector_39
                0x00000124                __vector_3
                0x00000124                __vector_23
                0x00000124                __vector_45
                0x00000124                __vector_11
                0x00000124                __vector_13
                0x00000124                __vector_17
                0x00000124                __vector_19
                0x00000124                __vector_56
                0x00000124                __vector_7
                0x00000124                __vector_49
                0x00000124                __vector_41
                0x00000124                __vector_43
                0x00000124                __vector_27
                0x00000124                __vector_5
                0x00000124                __vector_33
                0x00000124                __vector_4
                0x00000124                __vector_44
                0x00000124                __vector_9
                0x00000124                __vector_2
                0x00000124                __vector_21
                0x00000124                __vector_15
                0x00000124                __vector_29
                0x00000124                __vector_40
                0x00000124                __vector_8
                0x00000124                __vector_48
                0x00000124                __vector_14
                0x00000124                __vector_53
                0x00000124                __vector_10
                0x00000124                __vector_50
                0x00000124                __vector_16
                0x00000124                __vector_18
                0x00000124                __vector_20
                0x00000126                . = ALIGN (0x2)
 *(.text.*)
 .text.atmel_start_init
                0x00000126        0x4 atmel_start.o
                0x00000126                atmel_start_init
 .text.printPacket
                0x0000012a       0xc4 neo7m.o
                0x0000012a                printPacket
 .text.sendPacket
                0x000001ee       0x46 neo7m.o
                0x000001ee                sendPacket
 .text.disableNmea
                0x00000234       0xb4 neo7m.o
                0x00000234                disableNmea
 .text.changeFrequency
                0x000002e8       0x40 neo7m.o
                0x000002e8                changeFrequency
 .text.disableUnnecessaryChannels
                0x00000328       0x40 neo7m.o
                0x00000328                disableUnnecessaryChannels
 .text.enableNavPvt
                0x00000368       0x40 neo7m.o
                0x00000368                enableNavPvt
 .text.loop     0x000003a8       0x16 neo7m.o
                0x000003a8                loop
 .text.setupneo
                0x000003be       0x50 neo7m.o
                0x000003be                setupneo
 .text.SPI_0_initialization
                0x0000040e       0x14 src/driver_init.o
                0x0000040e                SPI_0_initialization
 .text.USART_0_initialization
                0x00000422        0xc src/driver_init.o
                0x00000422                USART_0_initialization
 .text.USART_1_initialization
                0x0000042e        0xc src/driver_init.o
                0x0000042e                USART_1_initialization
 .text.USART_2_initialization
                0x0000043a       0x24 src/driver_init.o
                0x0000043a                USART_2_initialization
 .text.USART_3_initialization
                0x0000045e       0x24 src/driver_init.o
                0x0000045e                USART_3_initialization
 .text.system_init
                0x00000482      0x106 src/driver_init.o
                0x00000482                system_init
 .text.__vector_30
                0x00000588       0xa0 src/nvmctrl_basic.o
                0x00000588                __vector_30
 .text.FLASH_0_init
                0x00000628        0xc src/nvmctrl_basic.o
                0x00000628                FLASH_0_init
 .text.protected_write_io
                0x00000634       0x10 src/protected_io.o
                0x00000634                protected_write_io
 .text.SPI_0_init
                0x00000644       0x1a src/spi_basic.o
                0x00000644                SPI_0_init
 .text.__vector_24
                0x0000065e       0xb4 src/spi_basic.o
                0x0000065e                __vector_24
 .text.TIMER_0_init
                0x00000712       0x1a src/tc16.o
                0x00000712                TIMER_0_init
 .text.TIMER_1_init
                0x0000072c       0x26 src/tc16.o
                0x0000072c                TIMER_1_init
 .text.__vector_25
                0x00000752       0x50 src/usart_basic.o
                0x00000752                __vector_25
 .text.__vector_26
                0x000007a2       0x64 src/usart_basic.o
                0x000007a2                __vector_26
 .text.USART_0_init
                0x00000806       0x3a src/usart_basic.o
                0x00000806                USART_0_init
 .text.__vector_36
                0x00000840       0x52 src/usart_basic.o
                0x00000840                __vector_36
 .text.__vector_37
                0x00000892       0x64 src/usart_basic.o
                0x00000892                __vector_37
 .text.USART_1_is_rx_ready
                0x000008f6        0xe src/usart_basic.o
                0x000008f6                USART_1_is_rx_ready
 .text.USART_1_read
                0x00000904       0x32 src/usart_basic.o
                0x00000904                USART_1_read
 .text.USART_1_write
                0x00000936       0x3e src/usart_basic.o
                0x00000936                USART_1_write
 .text.USART_1_init
                0x00000974       0x3a src/usart_basic.o
                0x00000974                USART_1_init
 .text.__vector_51
                0x000009ae       0x52 src/usart_basic.o
                0x000009ae                __vector_51
 .text.__vector_52
                0x00000a00       0x64 src/usart_basic.o
                0x00000a00                __vector_52
 .text.USART_2_init
                0x00000a64       0x3a src/usart_basic.o
                0x00000a64                USART_2_init
 .text.__vector_54
                0x00000a9e       0x52 src/usart_basic.o
                0x00000a9e                __vector_54
 .text.__vector_55
                0x00000af0       0x64 src/usart_basic.o
                0x00000af0                __vector_55
 .text.USART_3_is_rx_ready
                0x00000b54        0xe src/usart_basic.o
                0x00000b54                USART_3_is_rx_ready
 .text.USART_3_read
                0x00000b62       0x32 src/usart_basic.o
                0x00000b62                USART_3_read
 .text.USART_3_write
                0x00000b94       0x3e src/usart_basic.o
                0x00000b94                USART_3_write
 .text.USART_3_printCHAR
                0x00000bd2        0x8 src/usart_basic.o
                0x00000bd2                USART_3_printCHAR
 .text.USART_3_init
                0x00000bda       0x46 src/usart_basic.o
                0x00000bda                USART_3_init
 .text.fastdelay_ms
                0x00000c20       0x60 timeutils.o
                0x00000c20                fastdelay_ms
 .text.__vector_42
                0x00000c80       0x2e driver_isr.o
                0x00000c80                __vector_42
 .text.__vector_47
                0x00000cae       0x9c driver_isr.o
                0x00000cae                __vector_47
 .text.main     0x00000d4a       0x2a main.o
                0x00000d4a                main
 .text.libgcc   0x00000d74       0x18 c:/program files (x86)/atmel/studio/7.0/toolchain/avr8/avr8-gnu-toolchain/bin/../lib/gcc/avr/5.4.0/avr6\libgcc.a(_adddi3_s8.o)
                0x00000d74                __adddi3_s8
 .text.avr-libc
                0x00000d8c       0x26 c:/program files (x86)/atmel/studio/7.0/toolchain/avr8/avr8-gnu-toolchain/bin/../lib/gcc/avr/5.4.0/../../../../avr/lib/avr6\libc.a(printf.o)
                0x00000d8c                printf
 .text.avr-libc
                0x00000db2        0xa c:/program files (x86)/atmel/studio/7.0/toolchain/avr8/avr8-gnu-toolchain/bin/../lib/gcc/avr/5.4.0/../../../../avr/lib/avr6\libc.a(putchar.o)
                0x00000db2                putchar
 .text.avr-libc
                0x00000dbc       0x60 c:/program files (x86)/atmel/studio/7.0/toolchain/avr8/avr8-gnu-toolchain/bin/../lib/gcc/avr/5.4.0/../../../../avr/lib/avr6\libc.a(puts.o)
                0x00000dbc                puts
 .text.avr-libc
                0x00000e1c       0x5c c:/program files (x86)/atmel/studio/7.0/toolchain/avr8/avr8-gnu-toolchain/bin/../lib/gcc/avr/5.4.0/../../../../avr/lib/avr6\libc.a(sprintf.o)
                0x00000e1c                sprintf
 .text.avr-libc
                0x00000e78      0x3fa c:/program files (x86)/atmel/studio/7.0/toolchain/avr8/avr8-gnu-toolchain/bin/../lib/gcc/avr/5.4.0/../../../../avr/lib/avr6\libc.a(vfprintf_std.o)
                0x00000e78                vfprintf
 .text.avr-libc
                0x00001272       0x16 c:/program files (x86)/atmel/studio/7.0/toolchain/avr8/avr8-gnu-toolchain/bin/../lib/gcc/avr/5.4.0/../../../../avr/lib/avr6\libc.a(strnlen_P.o)
                0x00001272                strnlen_P
 .text.avr-libc
                0x00001288       0x16 c:/program files (x86)/atmel/studio/7.0/toolchain/avr8/avr8-gnu-toolchain/bin/../lib/gcc/avr/5.4.0/../../../../avr/lib/avr6\libc.a(strnlen.o)
                0x00001288                strnlen
 .text.avr-libc
                0x0000129e       0x78 c:/program files (x86)/atmel/studio/7.0/toolchain/avr8/avr8-gnu-toolchain/bin/../lib/gcc/avr/5.4.0/../../../../avr/lib/avr6\libc.a(fputc.o)
                0x0000129e                fputc
 .text.avr-libc
                0x00001316       0xbc c:/program files (x86)/atmel/studio/7.0/toolchain/avr8/avr8-gnu-toolchain/bin/../lib/gcc/avr/5.4.0/../../../../avr/lib/avr6\libc.a(ultoa_invert.o)
                0x00001316                __ultoa_invert
                0x000013d2                . = ALIGN (0x2)
 *(.fini9)
 .fini9         0x000013d2        0x0 c:/program files (x86)/atmel/studio/7.0/toolchain/avr8/avr8-gnu-toolchain/bin/../lib/gcc/avr/5.4.0/avr6\libgcc.a(_exit.o)
                0x000013d2                _exit
                0x000013d2                exit
 *(.fini9)
 *(.fini8)
 *(.fini8)
 *(.fini7)
 *(.fini7)
 *(.fini6)
 *(.fini6)
 *(.fini5)
 *(.fini5)
 *(.fini4)
 *(.fini4)
 *(.fini3)
 *(.fini3)
 *(.fini2)
 *(.fini2)
 *(.fini1)
 *(.fini1)
 *(.fini0)
 .fini0         0x000013d2        0x4 c:/program files (x86)/atmel/studio/7.0/toolchain/avr8/avr8-gnu-toolchain/bin/../lib/gcc/avr/5.4.0/avr6\libgcc.a(_exit.o)
 *(.fini0)
                0x000013d6                _etext = .

.data           0x00800200      0x18e load address 0x000013d6
                0x00800200                PROVIDE (__data_start, .)
 *(.data)
 *(.data*)
 .data.USART_3_stream
                0x00800200        0xe src/usart_basic.o
                0x00800200                USART_3_stream
 *(.rodata)
 .rodata        0x0080020e       0xa9 neo7m.o
 *(.rodata*)
 .rodata.str1.1
                0x008002b7       0xb2 neo7m.o
                                 0xb5 (size before relaxing)
 .rodata.str1.1
                0x00800369       0x25 main.o
 *(.gnu.linkonce.d*)
                0x0080038e                . = ALIGN (0x2)
                0x0080038e                _edata = .
                0x0080038e                PROVIDE (__data_end, .)

.bss            0x0080038e      0x1b9
                0x0080038e                PROVIDE (__bss_start, .)
 *(.bss)
 *(.bss*)
 .bss.FLASH_0_desc
                0x0080038e        0x8 src/nvmctrl_basic.o
 .bss.SPI_0_desc
                0x00800396        0x7 src/spi_basic.o
 .bss.USART_3_tx_elements
                0x0080039d        0x1 src/usart_basic.o
 .bss.USART_3_tx_tail
                0x0080039e        0x1 src/usart_basic.o
 .bss.USART_3_tx_head
                0x0080039f        0x1 src/usart_basic.o
 .bss.USART_3_txbuf
                0x008003a0       0x10 src/usart_basic.o
 .bss.USART_3_rx_elements
                0x008003b0        0x1 src/usart_basic.o
 .bss.USART_3_rx_tail
                0x008003b1        0x1 src/usart_basic.o
 .bss.USART_3_rx_head
                0x008003b2        0x1 src/usart_basic.o
 .bss.USART_3_rxbuf
                0x008003b3       0x10 src/usart_basic.o
 .bss.USART_2_tx_elements
                0x008003c3        0x1 src/usart_basic.o
 .bss.USART_2_tx_tail
                0x008003c4        0x1 src/usart_basic.o
 .bss.USART_2_tx_head
                0x008003c5        0x1 src/usart_basic.o
 .bss.USART_2_txbuf
                0x008003c6       0x10 src/usart_basic.o
 .bss.USART_2_rx_elements
                0x008003d6        0x1 src/usart_basic.o
 .bss.USART_2_rx_tail
                0x008003d7        0x1 src/usart_basic.o
 .bss.USART_2_rx_head
                0x008003d8        0x1 src/usart_basic.o
 .bss.USART_2_rxbuf
                0x008003d9       0x20 src/usart_basic.o
 .bss.USART_1_tx_elements
                0x008003f9        0x1 src/usart_basic.o
 .bss.USART_1_tx_tail
                0x008003fa        0x1 src/usart_basic.o
 .bss.USART_1_tx_head
                0x008003fb        0x1 src/usart_basic.o
 .bss.USART_1_txbuf
                0x008003fc       0x10 src/usart_basic.o
 .bss.USART_1_rx_elements
                0x0080040c        0x1 src/usart_basic.o
 .bss.USART_1_rx_tail
                0x0080040d        0x1 src/usart_basic.o
 .bss.USART_1_rx_head
                0x0080040e        0x1 src/usart_basic.o
 .bss.USART_1_rxbuf
                0x0080040f       0x10 src/usart_basic.o
 .bss.USART_0_tx_elements
                0x0080041f        0x1 src/usart_basic.o
 .bss.USART_0_tx_tail
                0x00800420        0x1 src/usart_basic.o
 .bss.USART_0_tx_head
                0x00800421        0x1 src/usart_basic.o
 .bss.USART_0_txbuf
                0x00800422       0x10 src/usart_basic.o
 .bss.USART_0_rx_elements
                0x00800432        0x1 src/usart_basic.o
 .bss.USART_0_rx_tail
                0x00800433        0x1 src/usart_basic.o
 .bss.USART_0_rx_head
                0x00800434        0x1 src/usart_basic.o
 .bss.USART_0_rxbuf
                0x00800435      0x100 src/usart_basic.o
 .bss.nextcmp.3022
                0x00800535        0x2 driver_isr.o
 .bss.m1sectimer
                0x00800537        0x8 driver_isr.o
                0x00800537                m1sectimer
 .bss.m4sectimer
                0x0080053f        0x2 driver_isr.o
                0x0080053f                m4sectimer
 *(COMMON)
 COMMON         0x00800541        0x6 c:/program files (x86)/atmel/studio/7.0/toolchain/avr8/avr8-gnu-toolchain/bin/../lib/gcc/avr/5.4.0/../../../../avr/lib/avr6\libc.a(iob.o)
                0x00800541                __iob
                0x00800547                PROVIDE (__bss_end, .)
                0x000013d6                __data_load_start = LOADADDR (.data)
                0x00001564                __data_load_end = (__data_load_start + SIZEOF (.data))

.noinit         0x00800547        0x0
                [!provide]                PROVIDE (__noinit_start, .)
 *(.noinit*)
                [!provide]                PROVIDE (__noinit_end, .)
                0x00800547                _end = .
                [!provide]                PROVIDE (__heap_start, .)

.eeprom         0x00810000        0x0
 *(.eeprom*)
                0x00810000                __eeprom_end = .

.fuse
 *(.fuse)
 *(.lfuse)
 *(.hfuse)
 *(.efuse)

.lock
 *(.lock*)

.signature
 *(.signature*)

.user_signatures
 *(.user_signatures*)

.stab
 *(.stab)

.stabstr
 *(.stabstr)

.stab.excl
 *(.stab.excl)

.stab.exclstr
 *(.stab.exclstr)

.stab.index
 *(.stab.index)

.stab.indexstr
 *(.stab.indexstr)

.comment        0x00000000       0x5c
 *(.comment)
 .comment       0x00000000       0x30 atmel_start.o
                                 0x31 (size before relaxing)
 .comment       0x00000030       0x31 neo7m.o
 .comment       0x00000030       0x31 src/driver_init.o
 .comment       0x00000030       0x31 src/nvmctrl_basic.o
 .comment       0x00000030       0x31 src/spi_basic.o
 .comment       0x00000030       0x31 src/tc16.o
 .comment       0x00000030       0x31 src/usart_basic.o
 .comment       0x00000030       0x31 timeutils.o
 .comment       0x00000030       0x31 driver_isr.o
 .comment       0x00000030       0x31 main.o
 .comment       0x00000030       0x31 c:/program files (x86)/atmel/studio/7.0/toolchain/avr8/avr8-gnu-toolchain/bin/../lib/gcc/avr/5.4.0/../../../../avr/lib/avr6\libc.a(iob.o)
 .comment       0x00000030       0x31 c:/program files (x86)/atmel/studio/7.0/toolchain/avr8/avr8-gnu-toolchain/bin/../lib/gcc/avr/5.4.0/../../../../avr/lib/avr6\libc.a(printf.o)
 .comment       0x00000030       0x31 c:/program files (x86)/atmel/studio/7.0/toolchain/avr8/avr8-gnu-toolchain/bin/../lib/gcc/avr/5.4.0/../../../../avr/lib/avr6\libc.a(putchar.o)
 .comment       0x00000030       0x31 c:/program files (x86)/atmel/studio/7.0/toolchain/avr8/avr8-gnu-toolchain/bin/../lib/gcc/avr/5.4.0/../../../../avr/lib/avr6\libc.a(puts.o)
 .comment       0x00000030       0x31 c:/program files (x86)/atmel/studio/7.0/toolchain/avr8/avr8-gnu-toolchain/bin/../lib/gcc/avr/5.4.0/../../../../avr/lib/avr6\libc.a(sprintf.o)
 .comment       0x00000030       0x2c c:/program files (x86)/atmel/studio/7.0/toolchain/avr8/avr8-gnu-toolchain/bin/../lib/gcc/avr/5.4.0/../../../../avr/lib/avr6\libc.a(vfprintf_std.o)
                                 0x2d (size before relaxing)
 .comment       0x0000005c       0x31 c:/program files (x86)/atmel/studio/7.0/toolchain/avr8/avr8-gnu-toolchain/bin/../lib/gcc/avr/5.4.0/../../../../avr/lib/avr6\libc.a(fputc.o)

.note.gnu.avr.deviceinfo
                0x00000000       0x40
 .note.gnu.avr.deviceinfo
                0x00000000       0x40 C:/Program Files (x86)/Atmel/Studio/7.0/Packs/atmel/ATmega_DFP/1.2.132/gcc/dev/atmega2560/avr6/crtatmega2560.o

.note.gnu.build-id
 *(.note.gnu.build-id)

.debug
 *(.debug)

.line
 *(.line)

.debug_srcinfo
 *(.debug_srcinfo)

.debug_sfnames
 *(.debug_sfnames)

.debug_aranges  0x00000000      0x458
 *(.debug_aranges)
 .debug_aranges
                0x00000000       0x20 atmel_start.o
 .debug_aranges
                0x00000020       0x70 neo7m.o
 .debug_aranges
                0x00000090       0x58 src/driver_init.o
 .debug_aranges
                0x000000e8       0x88 src/nvmctrl_basic.o
 .debug_aranges
                0x00000170       0x20 src/protected_io.o
 .debug_aranges
                0x00000190       0x80 src/spi_basic.o
 .debug_aranges
                0x00000210       0x28 src/tc16.o
 .debug_aranges
                0x00000238      0x1a0 src/usart_basic.o
 .debug_aranges
                0x000003d8       0x38 timeutils.o
 .debug_aranges
                0x00000410       0x28 driver_isr.o
 .debug_aranges
                0x00000438       0x20 main.o

.debug_pubnames
 *(.debug_pubnames)

.debug_info     0x00000000     0x4ae6
 *(.debug_info .gnu.linkonce.wi.*)
 .debug_info    0x00000000      0xbbc C:/Program Files (x86)/Atmel/Studio/7.0/Packs/atmel/ATmega_DFP/1.2.132/gcc/dev/atmega2560/avr6/crtatmega2560.o
 .debug_info    0x00000bbc       0x93 atmel_start.o
 .debug_info    0x00000c4f      0x621 neo7m.o
 .debug_info    0x00001270     0x1e55 src/driver_init.o
 .debug_info    0x000030c5      0x6b8 src/nvmctrl_basic.o
 .debug_info    0x0000377d       0x7a src/protected_io.o
 .debug_info    0x000037f7      0x33e src/spi_basic.o
 .debug_info    0x00003b35       0xb5 src/tc16.o
 .debug_info    0x00003bea      0xab7 src/usart_basic.o
 .debug_info    0x000046a1      0x248 timeutils.o
 .debug_info    0x000048e9       0xf3 driver_isr.o
 .debug_info    0x000049dc      0x10a main.o

.debug_abbrev   0x00000000     0x1884
 *(.debug_abbrev)
 .debug_abbrev  0x00000000      0xb1a C:/Program Files (x86)/Atmel/Studio/7.0/Packs/atmel/ATmega_DFP/1.2.132/gcc/dev/atmega2560/avr6/crtatmega2560.o
 .debug_abbrev  0x00000b1a       0x63 atmel_start.o
 .debug_abbrev  0x00000b7d      0x1ce neo7m.o
 .debug_abbrev  0x00000d4b      0x19a src/driver_init.o
 .debug_abbrev  0x00000ee5      0x2d6 src/nvmctrl_basic.o
 .debug_abbrev  0x000011bb       0x14 src/protected_io.o
 .debug_abbrev  0x000011cf      0x17a src/spi_basic.o
 .debug_abbrev  0x00001349       0x51 src/tc16.o
 .debug_abbrev  0x0000139a      0x2b9 src/usart_basic.o
 .debug_abbrev  0x00001653       0xf8 timeutils.o
 .debug_abbrev  0x0000174b       0x92 driver_isr.o
 .debug_abbrev  0x000017dd       0xa7 main.o

.debug_line     0x00000000     0x1ef5
 *(.debug_line .debug_line.* .debug_line_end)
 .debug_line    0x00000000      0x1f9 C:/Program Files (x86)/Atmel/Studio/7.0/Packs/atmel/ATmega_DFP/1.2.132/gcc/dev/atmega2560/avr6/crtatmega2560.o
 .debug_line    0x000001f9       0x60 atmel_start.o
 .debug_line    0x00000259      0x323 neo7m.o
 .debug_line    0x0000057c      0x43e src/driver_init.o
 .debug_line    0x000009ba      0x4b0 src/nvmctrl_basic.o
 .debug_line    0x00000e6a       0x6d src/protected_io.o
 .debug_line    0x00000ed7      0x2ca src/spi_basic.o
 .debug_line    0x000011a1       0xe4 src/tc16.o
 .debug_line    0x00001285      0x909 src/usart_basic.o
 .debug_line    0x00001b8e      0x193 timeutils.o
 .debug_line    0x00001d21       0xdc driver_isr.o
 .debug_line    0x00001dfd       0xf8 main.o

.debug_frame    0x00000000      0xaf4
 *(.debug_frame)
 .debug_frame   0x00000000       0x24 atmel_start.o
 .debug_frame   0x00000024      0x1dc neo7m.o
 .debug_frame   0x00000200       0x94 src/driver_init.o
 .debug_frame   0x00000294      0x17c src/nvmctrl_basic.o
 .debug_frame   0x00000410      0x134 src/spi_basic.o
 .debug_frame   0x00000544       0x34 src/tc16.o
 .debug_frame   0x00000578      0x414 src/usart_basic.o
 .debug_frame   0x0000098c       0xb0 timeutils.o
 .debug_frame   0x00000a3c       0x80 driver_isr.o
 .debug_frame   0x00000abc       0x38 main.o

.debug_str      0x00000000     0x184f
 *(.debug_str)
 .debug_str     0x00000000      0x3e6 C:/Program Files (x86)/Atmel/Studio/7.0/Packs/atmel/ATmega_DFP/1.2.132/gcc/dev/atmega2560/avr6/crtatmega2560.o
 .debug_str     0x000003e6      0x154 atmel_start.o
                                0x188 (size before relaxing)
 .debug_str     0x0000053a      0x189 neo7m.o
                                0x304 (size before relaxing)
 .debug_str     0x000006c3      0x7bf src/driver_init.o
                                0x94b (size before relaxing)
 .debug_str     0x00000e82      0x277 src/nvmctrl_basic.o
                                0x3fd (size before relaxing)
 .debug_str     0x000010f9      0x1ce src/spi_basic.o
                                0x35b (size before relaxing)
 .debug_str     0x000012c7        0xe src/tc16.o
                                0x198 (size before relaxing)
 .debug_str     0x000012d5      0x4ea src/usart_basic.o
                                0x708 (size before relaxing)
 .debug_str     0x000017bf       0x4d timeutils.o
                                0x1cd (size before relaxing)
 .debug_str     0x0000180c       0x32 driver_isr.o
                                0x1ba (size before relaxing)
 .debug_str     0x0000183e       0x11 main.o
                                0x19c (size before relaxing)

.debug_loc      0x00000000     0x2415
 *(.debug_loc)
 .debug_loc     0x00000000      0x65d neo7m.o
 .debug_loc     0x0000065d      0x993 src/driver_init.o
 .debug_loc     0x00000ff0      0x92d src/nvmctrl_basic.o
 .debug_loc     0x0000191d      0x1e6 src/spi_basic.o
 .debug_loc     0x00001b03      0x5b7 src/usart_basic.o
 .debug_loc     0x000020ba      0x20b timeutils.o
 .debug_loc     0x000022c5       0xed driver_isr.o
 .debug_loc     0x000023b2       0x63 main.o

.debug_macinfo
 *(.debug_macinfo)

.debug_weaknames
 *(.debug_weaknames)

.debug_funcnames
 *(.debug_funcnames)

.debug_typenames
 *(.debug_typenames)

.debug_varnames
 *(.debug_varnames)

.debug_pubtypes
 *(.debug_pubtypes)

.debug_ranges   0x00000000      0x398
 *(.debug_ranges)
 .debug_ranges  0x00000000       0x10 atmel_start.o
 .debug_ranges  0x00000010       0x60 neo7m.o
 .debug_ranges  0x00000070       0x48 src/driver_init.o
 .debug_ranges  0x000000b8       0x78 src/nvmctrl_basic.o
 .debug_ranges  0x00000130       0x70 src/spi_basic.o
 .debug_ranges  0x000001a0       0x18 src/tc16.o
 .debug_ranges  0x000001b8      0x190 src/usart_basic.o
 .debug_ranges  0x00000348       0x28 timeutils.o
 .debug_ranges  0x00000370       0x18 driver_isr.o
 .debug_ranges  0x00000388       0x10 main.o

.debug_macro
 *(.debug_macro)
OUTPUT(Freqref.elf elf32-avr)
LOAD linker stubs
