Archive member included to satisfy reference by file (symbol)

c:/program files (x86)/atmel/studio/7.0/toolchain/avr8/avr8-gnu-toolchain/bin/../lib/gcc/avr/5.4.0/avr6\libgcc.a(_exit.o)
                              C:/Program Files (x86)/Atmel/Studio/7.0/Packs/atmel/ATmega_DFP/1.2.132/gcc/dev/atmega2560/avr6/crtatmega2560.o (exit)
c:/program files (x86)/atmel/studio/7.0/toolchain/avr8/avr8-gnu-toolchain/bin/../lib/gcc/avr/5.4.0/avr6\libgcc.a(_copy_data.o)
                              examples/src/nvmctrl_basic_example.o (__do_copy_data)
c:/program files (x86)/atmel/studio/7.0/toolchain/avr8/avr8-gnu-toolchain/bin/../lib/gcc/avr/5.4.0/avr6\libgcc.a(_clear_bss.o)
                              examples/src/nvmctrl_basic_example.o (__do_clear_bss)
c:/program files (x86)/atmel/studio/7.0/toolchain/avr8/avr8-gnu-toolchain/bin/../lib/gcc/avr/5.4.0/avr6\libgcc.a(_adddi3.o)
                              timeutils.o (__adddi3)
c:/program files (x86)/atmel/studio/7.0/toolchain/avr8/avr8-gnu-toolchain/bin/../lib/gcc/avr/5.4.0/avr6\libgcc.a(_adddi3_s8.o)
                              driver_isr.o (__adddi3_s8)
c:/program files (x86)/atmel/studio/7.0/toolchain/avr8/avr8-gnu-toolchain/bin/../lib/gcc/avr/5.4.0/avr6\libgcc.a(_cmpdi2.o)
                              timeutils.o (__cmpdi2)
c:/program files (x86)/atmel/studio/7.0/toolchain/avr8/avr8-gnu-toolchain/bin/../lib/gcc/avr/5.4.0/../../../../avr/lib/avr6\libc.a(memcmp.o)
                              examples/src/nvmctrl_basic_example.o (memcmp)
c:/program files (x86)/atmel/studio/7.0/toolchain/avr8/avr8-gnu-toolchain/bin/../lib/gcc/avr/5.4.0/../../../../avr/lib/avr6\libc.a(strncmp.o)
                              examples/src/spi_basic_example.o (strncmp)
c:/program files (x86)/atmel/studio/7.0/toolchain/avr8/avr8-gnu-toolchain/bin/../lib/gcc/avr/5.4.0/../../../../avr/lib/avr6\libc.a(iob.o)
                              src/usart_basic.o (__iob)
c:/program files (x86)/atmel/studio/7.0/toolchain/avr8/avr8-gnu-toolchain/bin/../lib/gcc/avr/5.4.0/../../../../avr/lib/avr6\libc.a(printf.o)
                              examples/src/usart_basic_example.o (printf)
c:/program files (x86)/atmel/studio/7.0/toolchain/avr8/avr8-gnu-toolchain/bin/../lib/gcc/avr/5.4.0/../../../../avr/lib/avr6\libc.a(putchar.o)
                              neo7m.o (putchar)
c:/program files (x86)/atmel/studio/7.0/toolchain/avr8/avr8-gnu-toolchain/bin/../lib/gcc/avr/5.4.0/../../../../avr/lib/avr6\libc.a(puts.o)
                              neo7m.o (puts)
c:/program files (x86)/atmel/studio/7.0/toolchain/avr8/avr8-gnu-toolchain/bin/../lib/gcc/avr/5.4.0/../../../../avr/lib/avr6\libc.a(sprintf.o)
                              neo7m.o (sprintf)
c:/program files (x86)/atmel/studio/7.0/toolchain/avr8/avr8-gnu-toolchain/bin/../lib/gcc/avr/5.4.0/../../../../avr/lib/avr6\libc.a(vfprintf_std.o)
                              c:/program files (x86)/atmel/studio/7.0/toolchain/avr8/avr8-gnu-toolchain/bin/../lib/gcc/avr/5.4.0/../../../../avr/lib/avr6\libc.a(printf.o) (vfprintf)
c:/program files (x86)/atmel/studio/7.0/toolchain/avr8/avr8-gnu-toolchain/bin/../lib/gcc/avr/5.4.0/../../../../avr/lib/avr6\libc.a(strnlen_P.o)
                              c:/program files (x86)/atmel/studio/7.0/toolchain/avr8/avr8-gnu-toolchain/bin/../lib/gcc/avr/5.4.0/../../../../avr/lib/avr6\libc.a(vfprintf_std.o) (strnlen_P)
c:/program files (x86)/atmel/studio/7.0/toolchain/avr8/avr8-gnu-toolchain/bin/../lib/gcc/avr/5.4.0/../../../../avr/lib/avr6\libc.a(strnlen.o)
                              c:/program files (x86)/atmel/studio/7.0/toolchain/avr8/avr8-gnu-toolchain/bin/../lib/gcc/avr/5.4.0/../../../../avr/lib/avr6\libc.a(vfprintf_std.o) (strnlen)
c:/program files (x86)/atmel/studio/7.0/toolchain/avr8/avr8-gnu-toolchain/bin/../lib/gcc/avr/5.4.0/../../../../avr/lib/avr6\libc.a(fputc.o)
                              c:/program files (x86)/atmel/studio/7.0/toolchain/avr8/avr8-gnu-toolchain/bin/../lib/gcc/avr/5.4.0/../../../../avr/lib/avr6\libc.a(putchar.o) (fputc)
c:/program files (x86)/atmel/studio/7.0/toolchain/avr8/avr8-gnu-toolchain/bin/../lib/gcc/avr/5.4.0/../../../../avr/lib/avr6\libc.a(ultoa_invert.o)
                              c:/program files (x86)/atmel/studio/7.0/toolchain/avr8/avr8-gnu-toolchain/bin/../lib/gcc/avr/5.4.0/../../../../avr/lib/avr6\libc.a(vfprintf_std.o) (__ultoa_invert)

Allocating common symbols
Common symbol       size              file

realPacket          0x54              neo7m.o
lastGoodPacket      0x5c              neo7m.o
__iob               0x6               c:/program files (x86)/atmel/studio/7.0/toolchain/avr8/avr8-gnu-toolchain/bin/../lib/gcc/avr/5.4.0/../../../../avr/lib/avr6\libc.a(iob.o)
PACKETstore         0x5c              neo7m.o

Discarded input sections

 .data          0x00000000        0x0 C:/Program Files (x86)/Atmel/Studio/7.0/Packs/atmel/ATmega_DFP/1.2.132/gcc/dev/atmega2560/avr6/crtatmega2560.o
 .bss           0x00000000        0x0 C:/Program Files (x86)/Atmel/Studio/7.0/Packs/atmel/ATmega_DFP/1.2.132/gcc/dev/atmega2560/avr6/crtatmega2560.o
 .text          0x00000000        0x0 atmel_start.o
 .data          0x00000000        0x0 atmel_start.o
 .bss           0x00000000        0x0 atmel_start.o
 .text          0x00000000        0x0 examples/src/nvmctrl_basic_example.o
 .data          0x00000000        0x0 examples/src/nvmctrl_basic_example.o
 .bss           0x00000000        0x0 examples/src/nvmctrl_basic_example.o
 .text.FLASH_0_test_nvmctrl_basic
                0x00000000      0x13e examples/src/nvmctrl_basic_example.o
 .bss.rb        0x00000000        0x1 examples/src/nvmctrl_basic_example.o
 .bss.status    0x00000000        0x1 examples/src/nvmctrl_basic_example.o
 .bss.rdata     0x00000000        0x4 examples/src/nvmctrl_basic_example.o
 .data.wdata    0x00000000        0x4 examples/src/nvmctrl_basic_example.o
 .bss.rambuf    0x00000000      0x100 examples/src/nvmctrl_basic_example.o
 .debug_info    0x00000000      0x3d2 examples/src/nvmctrl_basic_example.o
 .debug_abbrev  0x00000000       0xe9 examples/src/nvmctrl_basic_example.o
 .debug_loc     0x00000000       0x61 examples/src/nvmctrl_basic_example.o
 .debug_aranges
                0x00000000       0x20 examples/src/nvmctrl_basic_example.o
 .debug_ranges  0x00000000       0x10 examples/src/nvmctrl_basic_example.o
 .debug_line    0x00000000      0x186 examples/src/nvmctrl_basic_example.o
 .debug_str     0x00000000      0x29a examples/src/nvmctrl_basic_example.o
 .comment       0x00000000       0x31 examples/src/nvmctrl_basic_example.o
 .debug_frame   0x00000000       0x30 examples/src/nvmctrl_basic_example.o
 .text          0x00000000        0x0 examples/src/spi_basic_example.o
 .data          0x00000000        0x0 examples/src/spi_basic_example.o
 .bss           0x00000000        0x0 examples/src/spi_basic_example.o
 .text.drive_slave_select_high
                0x00000000        0x2 examples/src/spi_basic_example.o
 .rodata.str1.1
                0x00000000        0x5 examples/src/spi_basic_example.o
 .text.SPI_0_test_spi_basic
                0x00000000       0x38 examples/src/spi_basic_example.o
 .data.buffer   0x00000000       0x10 examples/src/spi_basic_example.o
 .debug_info    0x00000000      0x17b examples/src/spi_basic_example.o
 .debug_abbrev  0x00000000       0xdf examples/src/spi_basic_example.o
 .debug_aranges
                0x00000000       0x28 examples/src/spi_basic_example.o
 .debug_ranges  0x00000000       0x18 examples/src/spi_basic_example.o
 .debug_line    0x00000000      0x112 examples/src/spi_basic_example.o
 .debug_str     0x00000000      0x20d examples/src/spi_basic_example.o
 .comment       0x00000000       0x31 examples/src/spi_basic_example.o
 .debug_frame   0x00000000       0x34 examples/src/spi_basic_example.o
 .text          0x00000000        0x0 examples/src/usart_basic_example.o
 .data          0x00000000        0x0 examples/src/usart_basic_example.o
 .bss           0x00000000        0x0 examples/src/usart_basic_example.o
 .rodata.str1.1
                0x00000000        0x9 examples/src/usart_basic_example.o
 .text.USART_0_test_usart_basic
                0x00000000       0x6e examples/src/usart_basic_example.o
 .text.USART_1_test_usart_basic
                0x00000000       0x6e examples/src/usart_basic_example.o
 .text.USART_2_test_usart_basic
                0x00000000       0x6e examples/src/usart_basic_example.o
 .text.USART_3_test_usart_basic
                0x00000000       0x6e examples/src/usart_basic_example.o
 .bss.rx        0x00000000       0x10 examples/src/usart_basic_example.o
 .debug_info    0x00000000      0x2d9 examples/src/usart_basic_example.o
 .debug_abbrev  0x00000000       0xcd examples/src/usart_basic_example.o
 .debug_loc     0x00000000      0x2f8 examples/src/usart_basic_example.o
 .debug_aranges
                0x00000000       0x38 examples/src/usart_basic_example.o
 .debug_ranges  0x00000000       0x28 examples/src/usart_basic_example.o
 .debug_line    0x00000000      0x22b examples/src/usart_basic_example.o
 .debug_str     0x00000000      0x23b examples/src/usart_basic_example.o
 .comment       0x00000000       0x31 examples/src/usart_basic_example.o
 .debug_frame   0x00000000       0xf4 examples/src/usart_basic_example.o
 .text          0x00000000        0x0 neo7m.o
 .data          0x00000000        0x0 neo7m.o
 .bss           0x00000000        0x0 neo7m.o
 .text.restoreDefaults
                0x00000000       0x42 neo7m.o
 .text.changeBaudrate
                0x00000000       0x42 neo7m.o
 .text.enableNaTP5
                0x00000000       0x42 neo7m.o
 .rodata.possibleBaudrates
                0x00000000        0x8 neo7m.o
 .text          0x00000000        0x0 nextion.o
 .data          0x00000000        0x0 nextion.o
 .bss           0x00000000        0x0 nextion.o
 .text.getlcdpkt
                0x00000000       0xa4 nextion.o
 .text.decodelcd
                0x00000000       0xbc nextion.o
 .text          0x00000000        0x0 src/driver_init.o
 .data          0x00000000        0x0 src/driver_init.o
 .bss           0x00000000        0x0 src/driver_init.o
 .text.TIMER_0_initialization
                0x00000000        0x6 src/driver_init.o
 .text.TIMER_1_initialization
                0x00000000        0x6 src/driver_init.o
 .text          0x00000000        0x0 src/nvmctrl_basic.o
 .data          0x00000000        0x0 src/nvmctrl_basic.o
 .bss           0x00000000        0x0 src/nvmctrl_basic.o
 .text.FLASH_0_register_callback
                0x00000000        0xa src/nvmctrl_basic.o
 .text.FLASH_0_read_eeprom_byte
                0x00000000       0x16 src/nvmctrl_basic.o
 .text.FLASH_0_read_eeprom_block
                0x00000000       0x4a src/nvmctrl_basic.o
 .text.FLASH_0_write_eeprom_block
                0x00000000       0x24 src/nvmctrl_basic.o
 .text.FLASH_0_write_eeprom_byte
                0x00000000       0x22 src/nvmctrl_basic.o
 .text.FLASH_0_is_eeprom_ready
                0x00000000        0xe src/nvmctrl_basic.o
 .text.FLASH_0_read_flash_byte
                0x00000000        0x6 src/nvmctrl_basic.o
 .text.FLASH_0_write_flash_byte
                0x00000000       0x1e src/nvmctrl_basic.o
 .text.FLASH_0_erase_flash_page
                0x00000000       0x24 src/nvmctrl_basic.o
 .text.FLASH_0_write_flash_page
                0x00000000       0x38 src/nvmctrl_basic.o
 .text.FLASH_0_write_flash_block
                0x00000000       0xce src/nvmctrl_basic.o
 .text.FLASH_0_write_flash_stream
                0x00000000       0x90 src/nvmctrl_basic.o
 .bss.word_to_write.2127
                0x00000000        0x2 src/nvmctrl_basic.o
 .text          0x00000000        0x0 src/protected_io.o
 .data          0x00000000        0x0 src/protected_io.o
 .bss           0x00000000        0x0 src/protected_io.o
 .text          0x00000000        0x0 src/spi_basic.o
 .data          0x00000000        0x0 src/spi_basic.o
 .bss           0x00000000        0x0 src/spi_basic.o
 .text.SPI_0_enable
                0x00000000        0x8 src/spi_basic.o
 .text.SPI_0_disable
                0x00000000        0x8 src/spi_basic.o
 .text.SPI_0_register_callback
                0x00000000        0xa src/spi_basic.o
 .text.SPI_0_status_free
                0x00000000        0xc src/spi_basic.o
 .text.SPI_0_status_idle
                0x00000000        0xe src/spi_basic.o
 .text.SPI_0_status_busy
                0x00000000        0xe src/spi_basic.o
 .text.SPI_0_status_done
                0x00000000        0xe src/spi_basic.o
 .text.SPI_0_exchange_byte
                0x00000000       0x14 src/spi_basic.o
 .text.SPI_0_exchange_block
                0x00000000       0x18 src/spi_basic.o
 .text.SPI_0_write_block
                0x00000000       0x18 src/spi_basic.o
 .text.SPI_0_read_block
                0x00000000       0x16 src/spi_basic.o
 .text          0x00000000        0x0 src/tc16.o
 .data          0x00000000        0x0 src/tc16.o
 .bss           0x00000000        0x0 src/tc16.o
 .text          0x00000000        0x0 src/usart_basic.o
 .data          0x00000000        0x0 src/usart_basic.o
 .bss           0x00000000        0x0 src/usart_basic.o
 .text.USART_0_is_tx_ready
                0x00000000        0xe src/usart_basic.o
 .text.USART_0_is_rx_ready
                0x00000000        0xe src/usart_basic.o
 .text.USART_0_is_tx_busy
                0x00000000       0x10 src/usart_basic.o
 .text.USART_0_read
                0x00000000       0x30 src/usart_basic.o
 .text.USART_0_write
                0x00000000       0x3e src/usart_basic.o
 .text.USART_0_enable
                0x00000000        0xc src/usart_basic.o
 .text.USART_0_enable_rx
                0x00000000        0xc src/usart_basic.o
 .text.USART_0_enable_tx
                0x00000000        0xc src/usart_basic.o
 .text.USART_0_disable
                0x00000000        0xc src/usart_basic.o
 .text.USART_1_is_tx_ready
                0x00000000        0xe src/usart_basic.o
 .text.USART_1_is_tx_busy
                0x00000000       0x10 src/usart_basic.o
 .text.USART_1_enable
                0x00000000        0xc src/usart_basic.o
 .text.USART_1_enable_rx
                0x00000000        0xc src/usart_basic.o
 .text.USART_1_enable_tx
                0x00000000        0xc src/usart_basic.o
 .text.USART_1_disable
                0x00000000        0xc src/usart_basic.o
 .text.USART_2_is_tx_ready
                0x00000000        0xe src/usart_basic.o
 .text.USART_2_is_rx_ready
                0x00000000        0xe src/usart_basic.o
 .text.USART_2_is_tx_busy
                0x00000000       0x10 src/usart_basic.o
 .text.USART_2_read
                0x00000000       0x32 src/usart_basic.o
 .text.USART_2_enable
                0x00000000        0xc src/usart_basic.o
 .text.USART_2_enable_rx
                0x00000000        0xc src/usart_basic.o
 .text.USART_2_enable_tx
                0x00000000        0xc src/usart_basic.o
 .text.USART_2_disable
                0x00000000        0xc src/usart_basic.o
 .text.USART_3_is_tx_ready
                0x00000000        0xe src/usart_basic.o
 .text.USART_3_is_tx_busy
                0x00000000       0x10 src/usart_basic.o
 .text.USART_3_enable
                0x00000000        0xc src/usart_basic.o
 .text.USART_3_enable_rx
                0x00000000        0xc src/usart_basic.o
 .text.USART_3_enable_tx
                0x00000000        0xc src/usart_basic.o
 .text.USART_3_disable
                0x00000000        0xc src/usart_basic.o
 .text          0x00000000        0x0 timeutils.o
 .data          0x00000000        0x0 timeutils.o
 .bss           0x00000000        0x0 timeutils.o
 .text.msectime
                0x00000000       0x2c timeutils.o
 .text.delay_ms
                0x00000000      0x132 timeutils.o
 .text          0x00000000        0x0 driver_isr.o
 .data          0x00000000        0x0 driver_isr.o
 .bss           0x00000000        0x0 driver_isr.o
 .text          0x00000000        0x0 main.o
 .data          0x00000000        0x0 main.o
 .bss           0x00000000        0x0 main.o
 .text          0x00000000        0x0 c:/program files (x86)/atmel/studio/7.0/toolchain/avr8/avr8-gnu-toolchain/bin/../lib/gcc/avr/5.4.0/avr6\libgcc.a(_exit.o)
 .data          0x00000000        0x0 c:/program files (x86)/atmel/studio/7.0/toolchain/avr8/avr8-gnu-toolchain/bin/../lib/gcc/avr/5.4.0/avr6\libgcc.a(_exit.o)
 .bss           0x00000000        0x0 c:/program files (x86)/atmel/studio/7.0/toolchain/avr8/avr8-gnu-toolchain/bin/../lib/gcc/avr/5.4.0/avr6\libgcc.a(_exit.o)
 .text.libgcc.mul
                0x00000000        0x0 c:/program files (x86)/atmel/studio/7.0/toolchain/avr8/avr8-gnu-toolchain/bin/../lib/gcc/avr/5.4.0/avr6\libgcc.a(_exit.o)
 .text.libgcc.div
                0x00000000        0x0 c:/program files (x86)/atmel/studio/7.0/toolchain/avr8/avr8-gnu-toolchain/bin/../lib/gcc/avr/5.4.0/avr6\libgcc.a(_exit.o)
 .text.libgcc   0x00000000        0x0 c:/program files (x86)/atmel/studio/7.0/toolchain/avr8/avr8-gnu-toolchain/bin/../lib/gcc/avr/5.4.0/avr6\libgcc.a(_exit.o)
 .text.libgcc.prologue
                0x00000000        0x0 c:/program files (x86)/atmel/studio/7.0/toolchain/avr8/avr8-gnu-toolchain/bin/../lib/gcc/avr/5.4.0/avr6\libgcc.a(_exit.o)
 .text.libgcc.builtins
                0x00000000        0x0 c:/program files (x86)/atmel/studio/7.0/toolchain/avr8/avr8-gnu-toolchain/bin/../lib/gcc/avr/5.4.0/avr6\libgcc.a(_exit.o)
 .text.libgcc.fmul
                0x00000000        0x0 c:/program files (x86)/atmel/studio/7.0/toolchain/avr8/avr8-gnu-toolchain/bin/../lib/gcc/avr/5.4.0/avr6\libgcc.a(_exit.o)
 .text.libgcc.fixed
                0x00000000        0x0 c:/program files (x86)/atmel/studio/7.0/toolchain/avr8/avr8-gnu-toolchain/bin/../lib/gcc/avr/5.4.0/avr6\libgcc.a(_exit.o)
 .text          0x00000000        0x0 c:/program files (x86)/atmel/studio/7.0/toolchain/avr8/avr8-gnu-toolchain/bin/../lib/gcc/avr/5.4.0/avr6\libgcc.a(_copy_data.o)
 .data          0x00000000        0x0 c:/program files (x86)/atmel/studio/7.0/toolchain/avr8/avr8-gnu-toolchain/bin/../lib/gcc/avr/5.4.0/avr6\libgcc.a(_copy_data.o)
 .bss           0x00000000        0x0 c:/program files (x86)/atmel/studio/7.0/toolchain/avr8/avr8-gnu-toolchain/bin/../lib/gcc/avr/5.4.0/avr6\libgcc.a(_copy_data.o)
 .text.libgcc.mul
                0x00000000        0x0 c:/program files (x86)/atmel/studio/7.0/toolchain/avr8/avr8-gnu-toolchain/bin/../lib/gcc/avr/5.4.0/avr6\libgcc.a(_copy_data.o)
 .text.libgcc.div
                0x00000000        0x0 c:/program files (x86)/atmel/studio/7.0/toolchain/avr8/avr8-gnu-toolchain/bin/../lib/gcc/avr/5.4.0/avr6\libgcc.a(_copy_data.o)
 .text.libgcc   0x00000000        0x0 c:/program files (x86)/atmel/studio/7.0/toolchain/avr8/avr8-gnu-toolchain/bin/../lib/gcc/avr/5.4.0/avr6\libgcc.a(_copy_data.o)
 .text.libgcc.prologue
                0x00000000        0x0 c:/program files (x86)/atmel/studio/7.0/toolchain/avr8/avr8-gnu-toolchain/bin/../lib/gcc/avr/5.4.0/avr6\libgcc.a(_copy_data.o)
 .text.libgcc.builtins
                0x00000000        0x0 c:/program files (x86)/atmel/studio/7.0/toolchain/avr8/avr8-gnu-toolchain/bin/../lib/gcc/avr/5.4.0/avr6\libgcc.a(_copy_data.o)
 .text.libgcc.fmul
                0x00000000        0x0 c:/program files (x86)/atmel/studio/7.0/toolchain/avr8/avr8-gnu-toolchain/bin/../lib/gcc/avr/5.4.0/avr6\libgcc.a(_copy_data.o)
 .text.libgcc.fixed
                0x00000000        0x0 c:/program files (x86)/atmel/studio/7.0/toolchain/avr8/avr8-gnu-toolchain/bin/../lib/gcc/avr/5.4.0/avr6\libgcc.a(_copy_data.o)
 .text          0x00000000        0x0 c:/program files (x86)/atmel/studio/7.0/toolchain/avr8/avr8-gnu-toolchain/bin/../lib/gcc/avr/5.4.0/avr6\libgcc.a(_clear_bss.o)
 .data          0x00000000        0x0 c:/program files (x86)/atmel/studio/7.0/toolchain/avr8/avr8-gnu-toolchain/bin/../lib/gcc/avr/5.4.0/avr6\libgcc.a(_clear_bss.o)
 .bss           0x00000000        0x0 c:/program files (x86)/atmel/studio/7.0/toolchain/avr8/avr8-gnu-toolchain/bin/../lib/gcc/avr/5.4.0/avr6\libgcc.a(_clear_bss.o)
 .text.libgcc.mul
                0x00000000        0x0 c:/program files (x86)/atmel/studio/7.0/toolchain/avr8/avr8-gnu-toolchain/bin/../lib/gcc/avr/5.4.0/avr6\libgcc.a(_clear_bss.o)
 .text.libgcc.div
                0x00000000        0x0 c:/program files (x86)/atmel/studio/7.0/toolchain/avr8/avr8-gnu-toolchain/bin/../lib/gcc/avr/5.4.0/avr6\libgcc.a(_clear_bss.o)
 .text.libgcc   0x00000000        0x0 c:/program files (x86)/atmel/studio/7.0/toolchain/avr8/avr8-gnu-toolchain/bin/../lib/gcc/avr/5.4.0/avr6\libgcc.a(_clear_bss.o)
 .text.libgcc.prologue
                0x00000000        0x0 c:/program files (x86)/atmel/studio/7.0/toolchain/avr8/avr8-gnu-toolchain/bin/../lib/gcc/avr/5.4.0/avr6\libgcc.a(_clear_bss.o)
 .text.libgcc.builtins
                0x00000000        0x0 c:/program files (x86)/atmel/studio/7.0/toolchain/avr8/avr8-gnu-toolchain/bin/../lib/gcc/avr/5.4.0/avr6\libgcc.a(_clear_bss.o)
 .text.libgcc.fmul
                0x00000000        0x0 c:/program files (x86)/atmel/studio/7.0/toolchain/avr8/avr8-gnu-toolchain/bin/../lib/gcc/avr/5.4.0/avr6\libgcc.a(_clear_bss.o)
 .text.libgcc.fixed
                0x00000000        0x0 c:/program files (x86)/atmel/studio/7.0/toolchain/avr8/avr8-gnu-toolchain/bin/../lib/gcc/avr/5.4.0/avr6\libgcc.a(_clear_bss.o)
 .text          0x00000000        0x0 c:/program files (x86)/atmel/studio/7.0/toolchain/avr8/avr8-gnu-toolchain/bin/../lib/gcc/avr/5.4.0/avr6\libgcc.a(_adddi3.o)
 .data          0x00000000        0x0 c:/program files (x86)/atmel/studio/7.0/toolchain/avr8/avr8-gnu-toolchain/bin/../lib/gcc/avr/5.4.0/avr6\libgcc.a(_adddi3.o)
 .bss           0x00000000        0x0 c:/program files (x86)/atmel/studio/7.0/toolchain/avr8/avr8-gnu-toolchain/bin/../lib/gcc/avr/5.4.0/avr6\libgcc.a(_adddi3.o)
 .text.libgcc.mul
                0x00000000        0x0 c:/program files (x86)/atmel/studio/7.0/toolchain/avr8/avr8-gnu-toolchain/bin/../lib/gcc/avr/5.4.0/avr6\libgcc.a(_adddi3.o)
 .text.libgcc.div
                0x00000000        0x0 c:/program files (x86)/atmel/studio/7.0/toolchain/avr8/avr8-gnu-toolchain/bin/../lib/gcc/avr/5.4.0/avr6\libgcc.a(_adddi3.o)
 .text.libgcc   0x00000000       0x12 c:/program files (x86)/atmel/studio/7.0/toolchain/avr8/avr8-gnu-toolchain/bin/../lib/gcc/avr/5.4.0/avr6\libgcc.a(_adddi3.o)
 .text.libgcc.prologue
                0x00000000        0x0 c:/program files (x86)/atmel/studio/7.0/toolchain/avr8/avr8-gnu-toolchain/bin/../lib/gcc/avr/5.4.0/avr6\libgcc.a(_adddi3.o)
 .text.libgcc.builtins
                0x00000000        0x0 c:/program files (x86)/atmel/studio/7.0/toolchain/avr8/avr8-gnu-toolchain/bin/../lib/gcc/avr/5.4.0/avr6\libgcc.a(_adddi3.o)
 .text.libgcc.fmul
                0x00000000        0x0 c:/program files (x86)/atmel/studio/7.0/toolchain/avr8/avr8-gnu-toolchain/bin/../lib/gcc/avr/5.4.0/avr6\libgcc.a(_adddi3.o)
 .text.libgcc.fixed
                0x00000000        0x0 c:/program files (x86)/atmel/studio/7.0/toolchain/avr8/avr8-gnu-toolchain/bin/../lib/gcc/avr/5.4.0/avr6\libgcc.a(_adddi3.o)
 .text          0x00000000        0x0 c:/program files (x86)/atmel/studio/7.0/toolchain/avr8/avr8-gnu-toolchain/bin/../lib/gcc/avr/5.4.0/avr6\libgcc.a(_adddi3_s8.o)
 .data          0x00000000        0x0 c:/program files (x86)/atmel/studio/7.0/toolchain/avr8/avr8-gnu-toolchain/bin/../lib/gcc/avr/5.4.0/avr6\libgcc.a(_adddi3_s8.o)
 .bss           0x00000000        0x0 c:/program files (x86)/atmel/studio/7.0/toolchain/avr8/avr8-gnu-toolchain/bin/../lib/gcc/avr/5.4.0/avr6\libgcc.a(_adddi3_s8.o)
 .text.libgcc.mul
                0x00000000        0x0 c:/program files (x86)/atmel/studio/7.0/toolchain/avr8/avr8-gnu-toolchain/bin/../lib/gcc/avr/5.4.0/avr6\libgcc.a(_adddi3_s8.o)
 .text.libgcc.div
                0x00000000        0x0 c:/program files (x86)/atmel/studio/7.0/toolchain/avr8/avr8-gnu-toolchain/bin/../lib/gcc/avr/5.4.0/avr6\libgcc.a(_adddi3_s8.o)
 .text.libgcc.prologue
                0x00000000        0x0 c:/program files (x86)/atmel/studio/7.0/toolchain/avr8/avr8-gnu-toolchain/bin/../lib/gcc/avr/5.4.0/avr6\libgcc.a(_adddi3_s8.o)
 .text.libgcc.builtins
                0x00000000        0x0 c:/program files (x86)/atmel/studio/7.0/toolchain/avr8/avr8-gnu-toolchain/bin/../lib/gcc/avr/5.4.0/avr6\libgcc.a(_adddi3_s8.o)
 .text.libgcc.fmul
                0x00000000        0x0 c:/program files (x86)/atmel/studio/7.0/toolchain/avr8/avr8-gnu-toolchain/bin/../lib/gcc/avr/5.4.0/avr6\libgcc.a(_adddi3_s8.o)
 .text.libgcc.fixed
                0x00000000        0x0 c:/program files (x86)/atmel/studio/7.0/toolchain/avr8/avr8-gnu-toolchain/bin/../lib/gcc/avr/5.4.0/avr6\libgcc.a(_adddi3_s8.o)
 .text          0x00000000        0x0 c:/program files (x86)/atmel/studio/7.0/toolchain/avr8/avr8-gnu-toolchain/bin/../lib/gcc/avr/5.4.0/avr6\libgcc.a(_cmpdi2.o)
 .data          0x00000000        0x0 c:/program files (x86)/atmel/studio/7.0/toolchain/avr8/avr8-gnu-toolchain/bin/../lib/gcc/avr/5.4.0/avr6\libgcc.a(_cmpdi2.o)
 .bss           0x00000000        0x0 c:/program files (x86)/atmel/studio/7.0/toolchain/avr8/avr8-gnu-toolchain/bin/../lib/gcc/avr/5.4.0/avr6\libgcc.a(_cmpdi2.o)
 .text.libgcc.mul
                0x00000000        0x0 c:/program files (x86)/atmel/studio/7.0/toolchain/avr8/avr8-gnu-toolchain/bin/../lib/gcc/avr/5.4.0/avr6\libgcc.a(_cmpdi2.o)
 .text.libgcc.div
                0x00000000        0x0 c:/program files (x86)/atmel/studio/7.0/toolchain/avr8/avr8-gnu-toolchain/bin/../lib/gcc/avr/5.4.0/avr6\libgcc.a(_cmpdi2.o)
 .text.libgcc   0x00000000       0x12 c:/program files (x86)/atmel/studio/7.0/toolchain/avr8/avr8-gnu-toolchain/bin/../lib/gcc/avr/5.4.0/avr6\libgcc.a(_cmpdi2.o)
 .text.libgcc.prologue
                0x00000000        0x0 c:/program files (x86)/atmel/studio/7.0/toolchain/avr8/avr8-gnu-toolchain/bin/../lib/gcc/avr/5.4.0/avr6\libgcc.a(_cmpdi2.o)
 .text.libgcc.builtins
                0x00000000        0x0 c:/program files (x86)/atmel/studio/7.0/toolchain/avr8/avr8-gnu-toolchain/bin/../lib/gcc/avr/5.4.0/avr6\libgcc.a(_cmpdi2.o)
 .text.libgcc.fmul
                0x00000000        0x0 c:/program files (x86)/atmel/studio/7.0/toolchain/avr8/avr8-gnu-toolchain/bin/../lib/gcc/avr/5.4.0/avr6\libgcc.a(_cmpdi2.o)
 .text.libgcc.fixed
                0x00000000        0x0 c:/program files (x86)/atmel/studio/7.0/toolchain/avr8/avr8-gnu-toolchain/bin/../lib/gcc/avr/5.4.0/avr6\libgcc.a(_cmpdi2.o)
 .text          0x00000000        0x0 c:/program files (x86)/atmel/studio/7.0/toolchain/avr8/avr8-gnu-toolchain/bin/../lib/gcc/avr/5.4.0/../../../../avr/lib/avr6\libc.a(memcmp.o)
 .data          0x00000000        0x0 c:/program files (x86)/atmel/studio/7.0/toolchain/avr8/avr8-gnu-toolchain/bin/../lib/gcc/avr/5.4.0/../../../../avr/lib/avr6\libc.a(memcmp.o)
 .bss           0x00000000        0x0 c:/program files (x86)/atmel/studio/7.0/toolchain/avr8/avr8-gnu-toolchain/bin/../lib/gcc/avr/5.4.0/../../../../avr/lib/avr6\libc.a(memcmp.o)
 .text.avr-libc
                0x00000000       0x1a c:/program files (x86)/atmel/studio/7.0/toolchain/avr8/avr8-gnu-toolchain/bin/../lib/gcc/avr/5.4.0/../../../../avr/lib/avr6\libc.a(memcmp.o)
 .text          0x00000000        0x0 c:/program files (x86)/atmel/studio/7.0/toolchain/avr8/avr8-gnu-toolchain/bin/../lib/gcc/avr/5.4.0/../../../../avr/lib/avr6\libc.a(strncmp.o)
 .data          0x00000000        0x0 c:/program files (x86)/atmel/studio/7.0/toolchain/avr8/avr8-gnu-toolchain/bin/../lib/gcc/avr/5.4.0/../../../../avr/lib/avr6\libc.a(strncmp.o)
 .bss           0x00000000        0x0 c:/program files (x86)/atmel/studio/7.0/toolchain/avr8/avr8-gnu-toolchain/bin/../lib/gcc/avr/5.4.0/../../../../avr/lib/avr6\libc.a(strncmp.o)
 .text.avr-libc
                0x00000000       0x1c c:/program files (x86)/atmel/studio/7.0/toolchain/avr8/avr8-gnu-toolchain/bin/../lib/gcc/avr/5.4.0/../../../../avr/lib/avr6\libc.a(strncmp.o)
 .text          0x00000000        0x0 c:/program files (x86)/atmel/studio/7.0/toolchain/avr8/avr8-gnu-toolchain/bin/../lib/gcc/avr/5.4.0/../../../../avr/lib/avr6\libc.a(iob.o)
 .data          0x00000000        0x0 c:/program files (x86)/atmel/studio/7.0/toolchain/avr8/avr8-gnu-toolchain/bin/../lib/gcc/avr/5.4.0/../../../../avr/lib/avr6\libc.a(iob.o)
 .bss           0x00000000        0x0 c:/program files (x86)/atmel/studio/7.0/toolchain/avr8/avr8-gnu-toolchain/bin/../lib/gcc/avr/5.4.0/../../../../avr/lib/avr6\libc.a(iob.o)
 .text          0x00000000        0x0 c:/program files (x86)/atmel/studio/7.0/toolchain/avr8/avr8-gnu-toolchain/bin/../lib/gcc/avr/5.4.0/../../../../avr/lib/avr6\libc.a(printf.o)
 .data          0x00000000        0x0 c:/program files (x86)/atmel/studio/7.0/toolchain/avr8/avr8-gnu-toolchain/bin/../lib/gcc/avr/5.4.0/../../../../avr/lib/avr6\libc.a(printf.o)
 .bss           0x00000000        0x0 c:/program files (x86)/atmel/studio/7.0/toolchain/avr8/avr8-gnu-toolchain/bin/../lib/gcc/avr/5.4.0/../../../../avr/lib/avr6\libc.a(printf.o)
 .text          0x00000000        0x0 c:/program files (x86)/atmel/studio/7.0/toolchain/avr8/avr8-gnu-toolchain/bin/../lib/gcc/avr/5.4.0/../../../../avr/lib/avr6\libc.a(putchar.o)
 .data          0x00000000        0x0 c:/program files (x86)/atmel/studio/7.0/toolchain/avr8/avr8-gnu-toolchain/bin/../lib/gcc/avr/5.4.0/../../../../avr/lib/avr6\libc.a(putchar.o)
 .bss           0x00000000        0x0 c:/program files (x86)/atmel/studio/7.0/toolchain/avr8/avr8-gnu-toolchain/bin/../lib/gcc/avr/5.4.0/../../../../avr/lib/avr6\libc.a(putchar.o)
 .text          0x00000000        0x0 c:/program files (x86)/atmel/studio/7.0/toolchain/avr8/avr8-gnu-toolchain/bin/../lib/gcc/avr/5.4.0/../../../../avr/lib/avr6\libc.a(puts.o)
 .data          0x00000000        0x0 c:/program files (x86)/atmel/studio/7.0/toolchain/avr8/avr8-gnu-toolchain/bin/../lib/gcc/avr/5.4.0/../../../../avr/lib/avr6\libc.a(puts.o)
 .bss           0x00000000        0x0 c:/program files (x86)/atmel/studio/7.0/toolchain/avr8/avr8-gnu-toolchain/bin/../lib/gcc/avr/5.4.0/../../../../avr/lib/avr6\libc.a(puts.o)
 .text          0x00000000        0x0 c:/program files (x86)/atmel/studio/7.0/toolchain/avr8/avr8-gnu-toolchain/bin/../lib/gcc/avr/5.4.0/../../../../avr/lib/avr6\libc.a(sprintf.o)
 .data          0x00000000        0x0 c:/program files (x86)/atmel/studio/7.0/toolchain/avr8/avr8-gnu-toolchain/bin/../lib/gcc/avr/5.4.0/../../../../avr/lib/avr6\libc.a(sprintf.o)
 .bss           0x00000000        0x0 c:/program files (x86)/atmel/studio/7.0/toolchain/avr8/avr8-gnu-toolchain/bin/../lib/gcc/avr/5.4.0/../../../../avr/lib/avr6\libc.a(sprintf.o)
 .text          0x00000000        0x0 c:/program files (x86)/atmel/studio/7.0/toolchain/avr8/avr8-gnu-toolchain/bin/../lib/gcc/avr/5.4.0/../../../../avr/lib/avr6\libc.a(vfprintf_std.o)
 .data          0x00000000        0x0 c:/program files (x86)/atmel/studio/7.0/toolchain/avr8/avr8-gnu-toolchain/bin/../lib/gcc/avr/5.4.0/../../../../avr/lib/avr6\libc.a(vfprintf_std.o)
 .bss           0x00000000        0x0 c:/program files (x86)/atmel/studio/7.0/toolchain/avr8/avr8-gnu-toolchain/bin/../lib/gcc/avr/5.4.0/../../../../avr/lib/avr6\libc.a(vfprintf_std.o)
 .text          0x00000000        0x0 c:/program files (x86)/atmel/studio/7.0/toolchain/avr8/avr8-gnu-toolchain/bin/../lib/gcc/avr/5.4.0/../../../../avr/lib/avr6\libc.a(strnlen_P.o)
 .data          0x00000000        0x0 c:/program files (x86)/atmel/studio/7.0/toolchain/avr8/avr8-gnu-toolchain/bin/../lib/gcc/avr/5.4.0/../../../../avr/lib/avr6\libc.a(strnlen_P.o)
 .bss           0x00000000        0x0 c:/program files (x86)/atmel/studio/7.0/toolchain/avr8/avr8-gnu-toolchain/bin/../lib/gcc/avr/5.4.0/../../../../avr/lib/avr6\libc.a(strnlen_P.o)
 .text          0x00000000        0x0 c:/program files (x86)/atmel/studio/7.0/toolchain/avr8/avr8-gnu-toolchain/bin/../lib/gcc/avr/5.4.0/../../../../avr/lib/avr6\libc.a(strnlen.o)
 .data          0x00000000        0x0 c:/program files (x86)/atmel/studio/7.0/toolchain/avr8/avr8-gnu-toolchain/bin/../lib/gcc/avr/5.4.0/../../../../avr/lib/avr6\libc.a(strnlen.o)
 .bss           0x00000000        0x0 c:/program files (x86)/atmel/studio/7.0/toolchain/avr8/avr8-gnu-toolchain/bin/../lib/gcc/avr/5.4.0/../../../../avr/lib/avr6\libc.a(strnlen.o)
 .text          0x00000000        0x0 c:/program files (x86)/atmel/studio/7.0/toolchain/avr8/avr8-gnu-toolchain/bin/../lib/gcc/avr/5.4.0/../../../../avr/lib/avr6\libc.a(fputc.o)
 .data          0x00000000        0x0 c:/program files (x86)/atmel/studio/7.0/toolchain/avr8/avr8-gnu-toolchain/bin/../lib/gcc/avr/5.4.0/../../../../avr/lib/avr6\libc.a(fputc.o)
 .bss           0x00000000        0x0 c:/program files (x86)/atmel/studio/7.0/toolchain/avr8/avr8-gnu-toolchain/bin/../lib/gcc/avr/5.4.0/../../../../avr/lib/avr6\libc.a(fputc.o)
 .text          0x00000000        0x0 c:/program files (x86)/atmel/studio/7.0/toolchain/avr8/avr8-gnu-toolchain/bin/../lib/gcc/avr/5.4.0/../../../../avr/lib/avr6\libc.a(ultoa_invert.o)
 .data          0x00000000        0x0 c:/program files (x86)/atmel/studio/7.0/toolchain/avr8/avr8-gnu-toolchain/bin/../lib/gcc/avr/5.4.0/../../../../avr/lib/avr6\libc.a(ultoa_invert.o)
 .bss           0x00000000        0x0 c:/program files (x86)/atmel/studio/7.0/toolchain/avr8/avr8-gnu-toolchain/bin/../lib/gcc/avr/5.4.0/../../../../avr/lib/avr6\libc.a(ultoa_invert.o)

Memory Configuration

Name             Origin             Length             Attributes
text             0x00000000         0x00100000         xr
data             0x00800200         0x0000fe00         rw !x
eeprom           0x00810000         0x00010000         rw !x
fuse             0x00820000         0x00000003         rw !x
lock             0x00830000         0x00000400         rw !x
signature        0x00840000         0x00000400         rw !x
user_signatures  0x00850000         0x00000400         rw !x
*default*        0x00000000         0xffffffff

Linker script and memory map

Address of section .data set to 0x800200
LOAD C:/Program Files (x86)/Atmel/Studio/7.0/Packs/atmel/ATmega_DFP/1.2.132/gcc/dev/atmega2560/avr6/crtatmega2560.o
LOAD atmel_start.o
LOAD examples/src/nvmctrl_basic_example.o
LOAD examples/src/spi_basic_example.o
LOAD examples/src/usart_basic_example.o
LOAD neo7m.o
LOAD nextion.o
LOAD src/driver_init.o
LOAD src/nvmctrl_basic.o
LOAD src/protected_io.o
LOAD src/spi_basic.o
LOAD src/tc16.o
LOAD src/usart_basic.o
LOAD timeutils.o
LOAD driver_isr.o
LOAD main.o
START GROUP
LOAD c:/program files (x86)/atmel/studio/7.0/toolchain/avr8/avr8-gnu-toolchain/bin/../lib/gcc/avr/5.4.0/../../../../avr/lib/avr6\libm.a
END GROUP
START GROUP
LOAD c:/program files (x86)/atmel/studio/7.0/toolchain/avr8/avr8-gnu-toolchain/bin/../lib/gcc/avr/5.4.0/avr6\libgcc.a
LOAD c:/program files (x86)/atmel/studio/7.0/toolchain/avr8/avr8-gnu-toolchain/bin/../lib/gcc/avr/5.4.0/../../../../avr/lib/avr6\libm.a
LOAD c:/program files (x86)/atmel/studio/7.0/toolchain/avr8/avr8-gnu-toolchain/bin/../lib/gcc/avr/5.4.0/../../../../avr/lib/avr6\libc.a
LOAD C:/Program Files (x86)/Atmel/Studio/7.0/Packs/atmel/ATmega_DFP/1.2.132/gcc/dev/atmega2560/avr6\libatmega2560.a
END GROUP
                0x00100000                __TEXT_REGION_LENGTH__ = DEFINED (__TEXT_REGION_LENGTH__)?__TEXT_REGION_LENGTH__:0x100000
                0x0000fe00                __DATA_REGION_LENGTH__ = DEFINED (__DATA_REGION_LENGTH__)?__DATA_REGION_LENGTH__:0xfe00
                0x00010000                __EEPROM_REGION_LENGTH__ = DEFINED (__EEPROM_REGION_LENGTH__)?__EEPROM_REGION_LENGTH__:0x10000
                [0x00000003]                __FUSE_REGION_LENGTH__ = DEFINED (__FUSE_REGION_LENGTH__)?__FUSE_REGION_LENGTH__:0x400
                0x00000400                __LOCK_REGION_LENGTH__ = DEFINED (__LOCK_REGION_LENGTH__)?__LOCK_REGION_LENGTH__:0x400
                0x00000400                __SIGNATURE_REGION_LENGTH__ = DEFINED (__SIGNATURE_REGION_LENGTH__)?__SIGNATURE_REGION_LENGTH__:0x400
                0x00000400                __USER_SIGNATURE_REGION_LENGTH__ = DEFINED (__USER_SIGNATURE_REGION_LENGTH__)?__USER_SIGNATURE_REGION_LENGTH__:0x400

.hash
 *(.hash)

.dynsym
 *(.dynsym)

.dynstr
 *(.dynstr)

.gnu.version
 *(.gnu.version)

.gnu.version_d
 *(.gnu.version_d)

.gnu.version_r
 *(.gnu.version_r)

.rel.init
 *(.rel.init)

.rela.init
 *(.rela.init)

.rel.text
 *(.rel.text)
 *(.rel.text.*)
 *(.rel.gnu.linkonce.t*)

.rela.text
 *(.rela.text)
 *(.rela.text.*)
 *(.rela.gnu.linkonce.t*)

.rel.fini
 *(.rel.fini)

.rela.fini
 *(.rela.fini)

.rel.rodata
 *(.rel.rodata)
 *(.rel.rodata.*)
 *(.rel.gnu.linkonce.r*)

.rela.rodata
 *(.rela.rodata)
 *(.rela.rodata.*)
 *(.rela.gnu.linkonce.r*)

.rel.data
 *(.rel.data)
 *(.rel.data.*)
 *(.rel.gnu.linkonce.d*)

.rela.data
 *(.rela.data)
 *(.rela.data.*)
 *(.rela.gnu.linkonce.d*)

.rel.ctors
 *(.rel.ctors)

.rela.ctors
 *(.rela.ctors)

.rel.dtors
 *(.rel.dtors)

.rela.dtors
 *(.rela.dtors)

.rel.got
 *(.rel.got)

.rela.got
 *(.rela.got)

.rel.bss
 *(.rel.bss)

.rela.bss
 *(.rela.bss)

.rel.plt
 *(.rel.plt)

.rela.plt
 *(.rela.plt)

.text           0x00000000     0x166e
 *(.vectors)
 .vectors       0x00000000       0xe4 C:/Program Files (x86)/Atmel/Studio/7.0/Packs/atmel/ATmega_DFP/1.2.132/gcc/dev/atmega2560/avr6/crtatmega2560.o
                0x00000000                __vector_default
                0x00000000                __vectors
 *(.vectors)
 *(.progmem.gcc*)
                0x000000e4                . = ALIGN (0x2)
                0x000000e4                __trampolines_start = .
 *(.trampolines)
 .trampolines   0x000000e4        0x0 linker stubs
 *(.trampolines*)
                0x000000e4                __trampolines_end = .
 *libprintf_flt.a:*(.progmem.data)
 *libc.a:*(.progmem.data)
 *(.progmem*)
                0x000000e4                . = ALIGN (0x2)
 *(.jumptables)
 *(.jumptables*)
 *(.lowtext)
 *(.lowtext*)
                0x000000e4                __ctors_start = .
 *(.ctors)
                0x000000e4                __ctors_end = .
                0x000000e4                __dtors_start = .
 *(.dtors)
                0x000000e4                __dtors_end = .
 SORT(*)(.ctors)
 SORT(*)(.dtors)
 *(.init0)
 .init0         0x000000e4        0x0 C:/Program Files (x86)/Atmel/Studio/7.0/Packs/atmel/ATmega_DFP/1.2.132/gcc/dev/atmega2560/avr6/crtatmega2560.o
                0x000000e4                __init
 *(.init0)
 *(.init1)
 *(.init1)
 *(.init2)
 .init2         0x000000e4       0x10 C:/Program Files (x86)/Atmel/Studio/7.0/Packs/atmel/ATmega_DFP/1.2.132/gcc/dev/atmega2560/avr6/crtatmega2560.o
 *(.init2)
 *(.init3)
 *(.init3)
 *(.init4)
 .init4         0x000000f4       0x1a c:/program files (x86)/atmel/studio/7.0/toolchain/avr8/avr8-gnu-toolchain/bin/../lib/gcc/avr/5.4.0/avr6\libgcc.a(_copy_data.o)
                0x000000f4                __do_copy_data
 .init4         0x0000010e       0x10 c:/program files (x86)/atmel/studio/7.0/toolchain/avr8/avr8-gnu-toolchain/bin/../lib/gcc/avr/5.4.0/avr6\libgcc.a(_clear_bss.o)
                0x0000010e                __do_clear_bss
 *(.init4)
 *(.init5)
 *(.init5)
 *(.init6)
 *(.init6)
 *(.init7)
 *(.init7)
 *(.init8)
 *(.init8)
 *(.init9)
 .init9         0x0000011e        0x6 C:/Program Files (x86)/Atmel/Studio/7.0/Packs/atmel/ATmega_DFP/1.2.132/gcc/dev/atmega2560/avr6/crtatmega2560.o
 *(.init9)
 *(.text)
 .text          0x00000124        0x2 C:/Program Files (x86)/Atmel/Studio/7.0/Packs/atmel/ATmega_DFP/1.2.132/gcc/dev/atmega2560/avr6/crtatmega2560.o
                0x00000124                __vector_38
                0x00000124                __vector_22
                0x00000124                __vector_28
                0x00000124                __vector_1
                0x00000124                __vector_32
                0x00000124                __vector_34
                0x00000124                __vector_12
                0x00000124                __vector_46
                0x00000124                __bad_interrupt
                0x00000124                __vector_6
                0x00000124                __vector_31
                0x00000124                __vector_35
                0x00000124                __vector_39
                0x00000124                __vector_3
                0x00000124                __vector_23
                0x00000124                __vector_45
                0x00000124                __vector_11
                0x00000124                __vector_13
                0x00000124                __vector_17
                0x00000124                __vector_19
                0x00000124                __vector_56
                0x00000124                __vector_7
                0x00000124                __vector_49
                0x00000124                __vector_41
                0x00000124                __vector_43
                0x00000124                __vector_27
                0x00000124                __vector_5
                0x00000124                __vector_33
                0x00000124                __vector_4
                0x00000124                __vector_44
                0x00000124                __vector_9
                0x00000124                __vector_2
                0x00000124                __vector_21
                0x00000124                __vector_15
                0x00000124                __vector_29
                0x00000124                __vector_40
                0x00000124                __vector_8
                0x00000124                __vector_48
                0x00000124                __vector_14
                0x00000124                __vector_53
                0x00000124                __vector_10
                0x00000124                __vector_50
                0x00000124                __vector_16
                0x00000124                __vector_18
                0x00000124                __vector_20
                0x00000126                . = ALIGN (0x2)
 *(.text.*)
 .text.atmel_start_init
                0x00000126        0x4 atmel_start.o
                0x00000126                atmel_start_init
 .text.isGoodChecksum
                0x0000012a       0x36 neo7m.o
                0x0000012a                isGoodChecksum
 .text.printPacket
                0x00000160       0xb8 neo7m.o
                0x00000160                printPacket
 .text.sendPacket
                0x00000218       0x46 neo7m.o
                0x00000218                sendPacket
 .text.disableNmea
                0x0000025e       0xb4 neo7m.o
                0x0000025e                disableNmea
 .text.changeFrequency
                0x00000312       0x40 neo7m.o
                0x00000312                changeFrequency
 .text.disableUnnecessaryChannels
                0x00000352       0x40 neo7m.o
                0x00000352                disableUnnecessaryChannels
 .text.enableNavPvt
                0x00000392       0x40 neo7m.o
                0x00000392                enableNavPvt
 .text.IsPacketReady
                0x000003d2       0x56 neo7m.o
                0x000003d2                IsPacketReady
 .text.loop     0x00000428       0x98 neo7m.o
                0x00000428                loop
 .text.updategps
                0x000004c0        0x4 neo7m.o
                0x000004c0                updategps
 .text.setupneo
                0x000004c4       0x4e neo7m.o
                0x000004c4                setupneo
 .text.setndig  0x00000512       0x6a nextion.o
                0x00000512                setndig
 .text.SPI_0_initialization
                0x0000057c       0x14 src/driver_init.o
                0x0000057c                SPI_0_initialization
 .text.USART_0_initialization
                0x00000590        0xc src/driver_init.o
                0x00000590                USART_0_initialization
 .text.USART_1_initialization
                0x0000059c        0xc src/driver_init.o
                0x0000059c                USART_1_initialization
 .text.USART_2_initialization
                0x000005a8       0x24 src/driver_init.o
                0x000005a8                USART_2_initialization
 .text.USART_3_initialization
                0x000005cc       0x24 src/driver_init.o
                0x000005cc                USART_3_initialization
 .text.system_init
                0x000005f0      0x106 src/driver_init.o
                0x000005f0                system_init
 .text.__vector_30
                0x000006f6       0xa0 src/nvmctrl_basic.o
                0x000006f6                __vector_30
 .text.FLASH_0_init
                0x00000796        0xc src/nvmctrl_basic.o
                0x00000796                FLASH_0_init
 .text.protected_write_io
                0x000007a2       0x10 src/protected_io.o
                0x000007a2                protected_write_io
 .text.SPI_0_init
                0x000007b2       0x1a src/spi_basic.o
                0x000007b2                SPI_0_init
 .text.__vector_24
                0x000007cc       0xb4 src/spi_basic.o
                0x000007cc                __vector_24
 .text.TIMER_0_init
                0x00000880       0x1a src/tc16.o
                0x00000880                TIMER_0_init
 .text.TIMER_1_init
                0x0000089a       0x26 src/tc16.o
                0x0000089a                TIMER_1_init
 .text.__vector_25
                0x000008c0       0x50 src/usart_basic.o
                0x000008c0                __vector_25
 .text.__vector_26
                0x00000910       0x64 src/usart_basic.o
                0x00000910                __vector_26
 .text.USART_0_init
                0x00000974       0x3a src/usart_basic.o
                0x00000974                USART_0_init
 .text.__vector_36
                0x000009ae       0x52 src/usart_basic.o
                0x000009ae                __vector_36
 .text.__vector_37
                0x00000a00       0x64 src/usart_basic.o
                0x00000a00                __vector_37
 .text.USART_1_is_rx_ready
                0x00000a64        0xe src/usart_basic.o
                0x00000a64                USART_1_is_rx_ready
 .text.USART_1_read
                0x00000a72       0x32 src/usart_basic.o
                0x00000a72                USART_1_read
 .text.USART_1_write
                0x00000aa4       0x3e src/usart_basic.o
                0x00000aa4                USART_1_write
 .text.USART_1_init
                0x00000ae2       0x3a src/usart_basic.o
                0x00000ae2                USART_1_init
 .text.__vector_51
                0x00000b1c       0x52 src/usart_basic.o
                0x00000b1c                __vector_51
 .text.__vector_52
                0x00000b6e       0x64 src/usart_basic.o
                0x00000b6e                __vector_52
 .text.USART_2_write
                0x00000bd2       0x3e src/usart_basic.o
                0x00000bd2                USART_2_write
 .text.USART_2_init
                0x00000c10       0x3a src/usart_basic.o
                0x00000c10                USART_2_init
 .text.__vector_54
                0x00000c4a       0x52 src/usart_basic.o
                0x00000c4a                __vector_54
 .text.__vector_55
                0x00000c9c       0x64 src/usart_basic.o
                0x00000c9c                __vector_55
 .text.USART_3_is_rx_ready
                0x00000d00        0xe src/usart_basic.o
                0x00000d00                USART_3_is_rx_ready
 .text.USART_3_read
                0x00000d0e       0x32 src/usart_basic.o
                0x00000d0e                USART_3_read
 .text.USART_3_write
                0x00000d40       0x3e src/usart_basic.o
                0x00000d40                USART_3_write
 .text.USART_3_printCHAR
                0x00000d7e        0x8 src/usart_basic.o
                0x00000d7e                USART_3_printCHAR
 .text.USART_3_init
                0x00000d86       0x46 src/usart_basic.o
                0x00000d86                USART_3_init
 .text.fastmsectime
                0x00000dcc       0x14 timeutils.o
                0x00000dcc                fastmsectime
 .text.fastdelay_ms
                0x00000de0       0x60 timeutils.o
                0x00000de0                fastdelay_ms
 .text.__vector_42
                0x00000e40       0x2e driver_isr.o
                0x00000e40                __vector_42
 .text.__vector_47
                0x00000e6e       0x9c driver_isr.o
                0x00000e6e                __vector_47
 .text.main     0x00000f0a      0x102 main.o
                0x00000f0a                main
 .text.libgcc   0x0000100c       0x18 c:/program files (x86)/atmel/studio/7.0/toolchain/avr8/avr8-gnu-toolchain/bin/../lib/gcc/avr/5.4.0/avr6\libgcc.a(_adddi3_s8.o)
                0x0000100c                __adddi3_s8
 .text.avr-libc
                0x00001024       0x26 c:/program files (x86)/atmel/studio/7.0/toolchain/avr8/avr8-gnu-toolchain/bin/../lib/gcc/avr/5.4.0/../../../../avr/lib/avr6\libc.a(printf.o)
                0x00001024                printf
 .text.avr-libc
                0x0000104a        0xa c:/program files (x86)/atmel/studio/7.0/toolchain/avr8/avr8-gnu-toolchain/bin/../lib/gcc/avr/5.4.0/../../../../avr/lib/avr6\libc.a(putchar.o)
                0x0000104a                putchar
 .text.avr-libc
                0x00001054       0x60 c:/program files (x86)/atmel/studio/7.0/toolchain/avr8/avr8-gnu-toolchain/bin/../lib/gcc/avr/5.4.0/../../../../avr/lib/avr6\libc.a(puts.o)
                0x00001054                puts
 .text.avr-libc
                0x000010b4       0x5c c:/program files (x86)/atmel/studio/7.0/toolchain/avr8/avr8-gnu-toolchain/bin/../lib/gcc/avr/5.4.0/../../../../avr/lib/avr6\libc.a(sprintf.o)
                0x000010b4                sprintf
 .text.avr-libc
                0x00001110      0x3fa c:/program files (x86)/atmel/studio/7.0/toolchain/avr8/avr8-gnu-toolchain/bin/../lib/gcc/avr/5.4.0/../../../../avr/lib/avr6\libc.a(vfprintf_std.o)
                0x00001110                vfprintf
 .text.avr-libc
                0x0000150a       0x16 c:/program files (x86)/atmel/studio/7.0/toolchain/avr8/avr8-gnu-toolchain/bin/../lib/gcc/avr/5.4.0/../../../../avr/lib/avr6\libc.a(strnlen_P.o)
                0x0000150a                strnlen_P
 .text.avr-libc
                0x00001520       0x16 c:/program files (x86)/atmel/studio/7.0/toolchain/avr8/avr8-gnu-toolchain/bin/../lib/gcc/avr/5.4.0/../../../../avr/lib/avr6\libc.a(strnlen.o)
                0x00001520                strnlen
 .text.avr-libc
                0x00001536       0x78 c:/program files (x86)/atmel/studio/7.0/toolchain/avr8/avr8-gnu-toolchain/bin/../lib/gcc/avr/5.4.0/../../../../avr/lib/avr6\libc.a(fputc.o)
                0x00001536                fputc
 .text.avr-libc
                0x000015ae       0xbc c:/program files (x86)/atmel/studio/7.0/toolchain/avr8/avr8-gnu-toolchain/bin/../lib/gcc/avr/5.4.0/../../../../avr/lib/avr6\libc.a(ultoa_invert.o)
                0x000015ae                __ultoa_invert
                0x0000166a                . = ALIGN (0x2)
 *(.fini9)
 .fini9         0x0000166a        0x0 c:/program files (x86)/atmel/studio/7.0/toolchain/avr8/avr8-gnu-toolchain/bin/../lib/gcc/avr/5.4.0/avr6\libgcc.a(_exit.o)
                0x0000166a                _exit
                0x0000166a                exit
 *(.fini9)
 *(.fini8)
 *(.fini8)
 *(.fini7)
 *(.fini7)
 *(.fini6)
 *(.fini6)
 *(.fini5)
 *(.fini5)
 *(.fini4)
 *(.fini4)
 *(.fini3)
 *(.fini3)
 *(.fini2)
 *(.fini2)
 *(.fini1)
 *(.fini1)
 *(.fini0)
 .fini0         0x0000166a        0x4 c:/program files (x86)/atmel/studio/7.0/toolchain/avr8/avr8-gnu-toolchain/bin/../lib/gcc/avr/5.4.0/avr6\libgcc.a(_exit.o)
 *(.fini0)
                0x0000166e                _etext = .

.data           0x00800200      0x216 load address 0x0000166e
                0x00800200                PROVIDE (__data_start, .)
 *(.data)
 *(.data*)
 .data.USART_3_stream
                0x00800200        0xe src/usart_basic.o
                0x00800200                USART_3_stream
 *(.rodata)
 .rodata        0x0080020e       0xd1 neo7m.o
 *(.rodata*)
 .rodata.str1.1
                0x008002df       0xe7 neo7m.o
                                 0xea (size before relaxing)
 .rodata.UBXGPS_HEADER
                0x008003c6        0x4 neo7m.o
 .rodata.str1.1
                0x008003ca       0x16 nextion.o
                                 0x19 (size before relaxing)
 .rodata.str1.1
                0x008003e0       0x36 main.o
 *(.gnu.linkonce.d*)
                0x00800416                . = ALIGN (0x2)
                0x00800416                _edata = .
                0x00800416                PROVIDE (__data_end, .)

.bss            0x00800416      0x33f
                0x00800416                PROVIDE (__bss_start, .)
 *(.bss)
 *(.bss*)
 .bss.UbxGpsv   0x00800416        0xa neo7m.o
 .bss.FLASH_0_desc
                0x00800420        0x8 src/nvmctrl_basic.o
 .bss.SPI_0_desc
                0x00800428        0x7 src/spi_basic.o
 .bss.USART_3_tx_elements
                0x0080042f        0x1 src/usart_basic.o
 .bss.USART_3_tx_tail
                0x00800430        0x1 src/usart_basic.o
 .bss.USART_3_tx_head
                0x00800431        0x1 src/usart_basic.o
 .bss.USART_3_txbuf
                0x00800432       0x10 src/usart_basic.o
 .bss.USART_3_rx_elements
                0x00800442        0x1 src/usart_basic.o
 .bss.USART_3_rx_tail
                0x00800443        0x1 src/usart_basic.o
 .bss.USART_3_rx_head
                0x00800444        0x1 src/usart_basic.o
 .bss.USART_3_rxbuf
                0x00800445       0x10 src/usart_basic.o
 .bss.USART_2_tx_elements
                0x00800455        0x1 src/usart_basic.o
 .bss.USART_2_tx_tail
                0x00800456        0x1 src/usart_basic.o
 .bss.USART_2_tx_head
                0x00800457        0x1 src/usart_basic.o
 .bss.USART_2_txbuf
                0x00800458       0x10 src/usart_basic.o
 .bss.USART_2_rx_elements
                0x00800468        0x1 src/usart_basic.o
 .bss.USART_2_rx_tail
                0x00800469        0x1 src/usart_basic.o
 .bss.USART_2_rx_head
                0x0080046a        0x1 src/usart_basic.o
 .bss.USART_2_rxbuf
                0x0080046b       0x20 src/usart_basic.o
 .bss.USART_1_tx_elements
                0x0080048b        0x1 src/usart_basic.o
 .bss.USART_1_tx_tail
                0x0080048c        0x1 src/usart_basic.o
 .bss.USART_1_tx_head
                0x0080048d        0x1 src/usart_basic.o
 .bss.USART_1_txbuf
                0x0080048e       0x10 src/usart_basic.o
 .bss.USART_1_rx_elements
                0x0080049e        0x1 src/usart_basic.o
 .bss.USART_1_rx_tail
                0x0080049f        0x1 src/usart_basic.o
 .bss.USART_1_rx_head
                0x008004a0        0x1 src/usart_basic.o
 .bss.USART_1_rxbuf
                0x008004a1       0x80 src/usart_basic.o
 .bss.USART_0_tx_elements
                0x00800521        0x1 src/usart_basic.o
 .bss.USART_0_tx_tail
                0x00800522        0x1 src/usart_basic.o
 .bss.USART_0_tx_head
                0x00800523        0x1 src/usart_basic.o
 .bss.USART_0_txbuf
                0x00800524       0x10 src/usart_basic.o
 .bss.USART_0_rx_elements
                0x00800534        0x1 src/usart_basic.o
 .bss.USART_0_rx_tail
                0x00800535        0x1 src/usart_basic.o
 .bss.USART_0_rx_head
                0x00800536        0x1 src/usart_basic.o
 .bss.USART_0_rxbuf
                0x00800537      0x100 src/usart_basic.o
 .bss.nextcmp.3022
                0x00800637        0x2 driver_isr.o
 .bss.m1sectimer
                0x00800639        0x8 driver_isr.o
                0x00800639                m1sectimer
 .bss.m4sectimer
                0x00800641        0x2 driver_isr.o
                0x00800641                m4sectimer
 *(COMMON)
 COMMON         0x00800643      0x10c neo7m.o
                0x00800643                realPacket
                0x00800697                lastGoodPacket
                0x008006f3                PACKETstore
 COMMON         0x0080074f        0x6 c:/program files (x86)/atmel/studio/7.0/toolchain/avr8/avr8-gnu-toolchain/bin/../lib/gcc/avr/5.4.0/../../../../avr/lib/avr6\libc.a(iob.o)
                0x0080074f                __iob
                0x00800755                PROVIDE (__bss_end, .)
                0x0000166e                __data_load_start = LOADADDR (.data)
                0x00001884                __data_load_end = (__data_load_start + SIZEOF (.data))

.noinit         0x00800755        0x0
                [!provide]                PROVIDE (__noinit_start, .)
 *(.noinit*)
                [!provide]                PROVIDE (__noinit_end, .)
                0x00800755                _end = .
                [!provide]                PROVIDE (__heap_start, .)

.eeprom         0x00810000        0x0
 *(.eeprom*)
                0x00810000                __eeprom_end = .

.fuse
 *(.fuse)
 *(.lfuse)
 *(.hfuse)
 *(.efuse)

.lock
 *(.lock*)

.signature
 *(.signature*)

.user_signatures
 *(.user_signatures*)

.stab
 *(.stab)

.stabstr
 *(.stabstr)

.stab.excl
 *(.stab.excl)

.stab.exclstr
 *(.stab.exclstr)

.stab.index
 *(.stab.index)

.stab.indexstr
 *(.stab.indexstr)

.comment        0x00000000       0x5c
 *(.comment)
 .comment       0x00000000       0x30 atmel_start.o
                                 0x31 (size before relaxing)
 .comment       0x00000030       0x31 neo7m.o
 .comment       0x00000030       0x31 nextion.o
 .comment       0x00000030       0x31 src/driver_init.o
 .comment       0x00000030       0x31 src/nvmctrl_basic.o
 .comment       0x00000030       0x31 src/spi_basic.o
 .comment       0x00000030       0x31 src/tc16.o
 .comment       0x00000030       0x31 src/usart_basic.o
 .comment       0x00000030       0x31 timeutils.o
 .comment       0x00000030       0x31 driver_isr.o
 .comment       0x00000030       0x31 main.o
 .comment       0x00000030       0x31 c:/program files (x86)/atmel/studio/7.0/toolchain/avr8/avr8-gnu-toolchain/bin/../lib/gcc/avr/5.4.0/../../../../avr/lib/avr6\libc.a(iob.o)
 .comment       0x00000030       0x31 c:/program files (x86)/atmel/studio/7.0/toolchain/avr8/avr8-gnu-toolchain/bin/../lib/gcc/avr/5.4.0/../../../../avr/lib/avr6\libc.a(printf.o)
 .comment       0x00000030       0x31 c:/program files (x86)/atmel/studio/7.0/toolchain/avr8/avr8-gnu-toolchain/bin/../lib/gcc/avr/5.4.0/../../../../avr/lib/avr6\libc.a(putchar.o)
 .comment       0x00000030       0x31 c:/program files (x86)/atmel/studio/7.0/toolchain/avr8/avr8-gnu-toolchain/bin/../lib/gcc/avr/5.4.0/../../../../avr/lib/avr6\libc.a(puts.o)
 .comment       0x00000030       0x31 c:/program files (x86)/atmel/studio/7.0/toolchain/avr8/avr8-gnu-toolchain/bin/../lib/gcc/avr/5.4.0/../../../../avr/lib/avr6\libc.a(sprintf.o)
 .comment       0x00000030       0x2c c:/program files (x86)/atmel/studio/7.0/toolchain/avr8/avr8-gnu-toolchain/bin/../lib/gcc/avr/5.4.0/../../../../avr/lib/avr6\libc.a(vfprintf_std.o)
                                 0x2d (size before relaxing)
 .comment       0x0000005c       0x31 c:/program files (x86)/atmel/studio/7.0/toolchain/avr8/avr8-gnu-toolchain/bin/../lib/gcc/avr/5.4.0/../../../../avr/lib/avr6\libc.a(fputc.o)

.note.gnu.avr.deviceinfo
                0x00000000       0x40
 .note.gnu.avr.deviceinfo
                0x00000000       0x40 C:/Program Files (x86)/Atmel/Studio/7.0/Packs/atmel/ATmega_DFP/1.2.132/gcc/dev/atmega2560/avr6/crtatmega2560.o

.note.gnu.build-id
 *(.note.gnu.build-id)

.debug
 *(.debug)

.line
 *(.line)

.debug_srcinfo
 *(.debug_srcinfo)

.debug_sfnames
 *(.debug_sfnames)

.debug_aranges  0x00000000      0x4a0
 *(.debug_aranges)
 .debug_aranges
                0x00000000       0x20 atmel_start.o
 .debug_aranges
                0x00000020       0x88 neo7m.o
 .debug_aranges
                0x000000a8       0x30 nextion.o
 .debug_aranges
                0x000000d8       0x58 src/driver_init.o
 .debug_aranges
                0x00000130       0x88 src/nvmctrl_basic.o
 .debug_aranges
                0x000001b8       0x20 src/protected_io.o
 .debug_aranges
                0x000001d8       0x80 src/spi_basic.o
 .debug_aranges
                0x00000258       0x28 src/tc16.o
 .debug_aranges
                0x00000280      0x1a0 src/usart_basic.o
 .debug_aranges
                0x00000420       0x38 timeutils.o
 .debug_aranges
                0x00000458       0x28 driver_isr.o
 .debug_aranges
                0x00000480       0x20 main.o

.debug_pubnames
 *(.debug_pubnames)

.debug_info     0x00000000     0x5384
 *(.debug_info .gnu.linkonce.wi.*)
 .debug_info    0x00000000      0xbbc C:/Program Files (x86)/Atmel/Studio/7.0/Packs/atmel/ATmega_DFP/1.2.132/gcc/dev/atmega2560/avr6/crtatmega2560.o
 .debug_info    0x00000bbc       0x93 atmel_start.o
 .debug_info    0x00000c4f      0x962 neo7m.o
 .debug_info    0x000015b1      0x266 nextion.o
 .debug_info    0x00001817     0x1e55 src/driver_init.o
 .debug_info    0x0000366c      0x6b8 src/nvmctrl_basic.o
 .debug_info    0x00003d24       0x7a src/protected_io.o
 .debug_info    0x00003d9e      0x33e src/spi_basic.o
 .debug_info    0x000040dc       0xb5 src/tc16.o
 .debug_info    0x00004191      0xac7 src/usart_basic.o
 .debug_info    0x00004c58      0x248 timeutils.o
 .debug_info    0x00004ea0       0xf3 driver_isr.o
 .debug_info    0x00004f93      0x3f1 main.o

.debug_abbrev   0x00000000     0x1aee
 *(.debug_abbrev)
 .debug_abbrev  0x00000000      0xb1a C:/Program Files (x86)/Atmel/Studio/7.0/Packs/atmel/ATmega_DFP/1.2.132/gcc/dev/atmega2560/avr6/crtatmega2560.o
 .debug_abbrev  0x00000b1a       0x63 atmel_start.o
 .debug_abbrev  0x00000b7d      0x2a4 neo7m.o
 .debug_abbrev  0x00000e21      0x13c nextion.o
 .debug_abbrev  0x00000f5d      0x19a src/driver_init.o
 .debug_abbrev  0x000010f7      0x2d6 src/nvmctrl_basic.o
 .debug_abbrev  0x000013cd       0x14 src/protected_io.o
 .debug_abbrev  0x000013e1      0x17a src/spi_basic.o
 .debug_abbrev  0x0000155b       0x51 src/tc16.o
 .debug_abbrev  0x000015ac      0x2b9 src/usart_basic.o
 .debug_abbrev  0x00001865       0xf8 timeutils.o
 .debug_abbrev  0x0000195d       0x92 driver_isr.o
 .debug_abbrev  0x000019ef       0xff main.o

.debug_line     0x00000000     0x2202
 *(.debug_line .debug_line.* .debug_line_end)
 .debug_line    0x00000000      0x1f9 C:/Program Files (x86)/Atmel/Studio/7.0/Packs/atmel/ATmega_DFP/1.2.132/gcc/dev/atmega2560/avr6/crtatmega2560.o
 .debug_line    0x000001f9       0x60 atmel_start.o
 .debug_line    0x00000259      0x42b neo7m.o
 .debug_line    0x00000684      0x1b8 nextion.o
 .debug_line    0x0000083c      0x43e src/driver_init.o
 .debug_line    0x00000c7a      0x4b0 src/nvmctrl_basic.o
 .debug_line    0x0000112a       0x6d src/protected_io.o
 .debug_line    0x00001197      0x2ca src/spi_basic.o
 .debug_line    0x00001461       0xe4 src/tc16.o
 .debug_line    0x00001545      0x909 src/usart_basic.o
 .debug_line    0x00001e4e      0x193 timeutils.o
 .debug_line    0x00001fe1       0xdc driver_isr.o
 .debug_line    0x000020bd      0x145 main.o

.debug_frame    0x00000000      0xc08
 *(.debug_frame)
 .debug_frame   0x00000000       0x24 atmel_start.o
 .debug_frame   0x00000024      0x254 neo7m.o
 .debug_frame   0x00000278       0xa0 nextion.o
 .debug_frame   0x00000318       0x94 src/driver_init.o
 .debug_frame   0x000003ac      0x17c src/nvmctrl_basic.o
 .debug_frame   0x00000528      0x134 src/spi_basic.o
 .debug_frame   0x0000065c       0x34 src/tc16.o
 .debug_frame   0x00000690      0x414 src/usart_basic.o
 .debug_frame   0x00000aa4       0xb0 timeutils.o
 .debug_frame   0x00000b54       0x80 driver_isr.o
 .debug_frame   0x00000bd4       0x34 main.o

.debug_str      0x00000000     0x1a10
 *(.debug_str)
 .debug_str     0x00000000      0x3e6 C:/Program Files (x86)/Atmel/Studio/7.0/Packs/atmel/ATmega_DFP/1.2.132/gcc/dev/atmega2560/avr6/crtatmega2560.o
 .debug_str     0x000003e6      0x154 atmel_start.o
                                0x188 (size before relaxing)
 .debug_str     0x0000053a      0x2d2 neo7m.o
                                0x454 (size before relaxing)
 .debug_str     0x0000080c       0x6f nextion.o
                                0x1f3 (size before relaxing)
 .debug_str     0x0000087b      0x7bf src/driver_init.o
                                0x94b (size before relaxing)
 .debug_str     0x0000103a      0x272 src/nvmctrl_basic.o
                                0x3fd (size before relaxing)
 .debug_str     0x000012ac      0x1ce src/spi_basic.o
                                0x35b (size before relaxing)
 .debug_str     0x0000147a        0xe src/tc16.o
                                0x198 (size before relaxing)
 .debug_str     0x00001488      0x505 src/usart_basic.o
                                0x708 (size before relaxing)
 .debug_str     0x0000198d       0x40 timeutils.o
                                0x1cd (size before relaxing)
 .debug_str     0x000019cd       0x32 driver_isr.o
                                0x1ba (size before relaxing)
 .debug_str     0x000019ff       0x11 main.o
                                0x290 (size before relaxing)

.debug_loc      0x00000000     0x27de
 *(.debug_loc)
 .debug_loc     0x00000000      0x803 neo7m.o
 .debug_loc     0x00000803      0x1e8 nextion.o
 .debug_loc     0x000009eb      0x993 src/driver_init.o
 .debug_loc     0x0000137e      0x92d src/nvmctrl_basic.o
 .debug_loc     0x00001cab      0x1e6 src/spi_basic.o
 .debug_loc     0x00001e91      0x5b7 src/usart_basic.o
 .debug_loc     0x00002448      0x20b timeutils.o
 .debug_loc     0x00002653       0xed driver_isr.o
 .debug_loc     0x00002740       0x9e main.o

.debug_macinfo
 *(.debug_macinfo)

.debug_weaknames
 *(.debug_weaknames)

.debug_funcnames
 *(.debug_funcnames)

.debug_typenames
 *(.debug_typenames)

.debug_varnames
 *(.debug_varnames)

.debug_pubtypes
 *(.debug_pubtypes)

.debug_ranges   0x00000000      0x3d0
 *(.debug_ranges)
 .debug_ranges  0x00000000       0x10 atmel_start.o
 .debug_ranges  0x00000010       0x78 neo7m.o
 .debug_ranges  0x00000088       0x20 nextion.o
 .debug_ranges  0x000000a8       0x48 src/driver_init.o
 .debug_ranges  0x000000f0       0x78 src/nvmctrl_basic.o
 .debug_ranges  0x00000168       0x70 src/spi_basic.o
 .debug_ranges  0x000001d8       0x18 src/tc16.o
 .debug_ranges  0x000001f0      0x190 src/usart_basic.o
 .debug_ranges  0x00000380       0x28 timeutils.o
 .debug_ranges  0x000003a8       0x18 driver_isr.o
 .debug_ranges  0x000003c0       0x10 main.o

.debug_macro
 *(.debug_macro)
OUTPUT(Freqref.elf elf32-avr)
LOAD linker stubs
